[main] INFO org.apache.kafka.clients.producer.ProducerConfig - ProducerConfig values: 
	acks = -1
	auto.include.jmx.reporter = true
	batch.size = 16384
	bootstrap.servers = [127.0.0.1:9092]
	buffer.memory = 33554432
	client.dns.lookup = use_all_dns_ips
	client.id = producer-1
	compression.type = none
	connections.max.idle.ms = 540000
	delivery.timeout.ms = 120000
	enable.idempotence = true
	enable.metrics.push = true
	interceptor.classes = []
	key.serializer = class org.apache.kafka.common.serialization.StringSerializer
	linger.ms = 0
	max.block.ms = 60000
	max.in.flight.requests.per.connection = 5
	max.request.size = 1048576
	metadata.max.age.ms = 300000
	metadata.max.idle.ms = 300000
	metric.reporters = []
	metrics.num.samples = 2
	metrics.recording.level = INFO
	metrics.sample.window.ms = 30000
	partitioner.adaptive.partitioning.enable = true
	partitioner.availability.timeout.ms = 0
	partitioner.class = null
	partitioner.ignore.keys = false
	receive.buffer.bytes = 32768
	reconnect.backoff.max.ms = 1000
	reconnect.backoff.ms = 50
	request.timeout.ms = 30000
	retries = 3
	retry.backoff.max.ms = 1000
	retry.backoff.ms = 100
	sasl.client.callback.handler.class = null
	sasl.jaas.config = null
	sasl.kerberos.kinit.cmd = /usr/bin/kinit
	sasl.kerberos.min.time.before.relogin = 60000
	sasl.kerberos.service.name = null
	sasl.kerberos.ticket.renew.jitter = 0.05
	sasl.kerberos.ticket.renew.window.factor = 0.8
	sasl.login.callback.handler.class = null
	sasl.login.class = null
	sasl.login.connect.timeout.ms = null
	sasl.login.read.timeout.ms = null
	sasl.login.refresh.buffer.seconds = 300
	sasl.login.refresh.min.period.seconds = 60
	sasl.login.refresh.window.factor = 0.8
	sasl.login.refresh.window.jitter = 0.05
	sasl.login.retry.backoff.max.ms = 10000
	sasl.login.retry.backoff.ms = 100
	sasl.mechanism = GSSAPI
	sasl.oauthbearer.clock.skew.seconds = 30
	sasl.oauthbearer.expected.audience = null
	sasl.oauthbearer.expected.issuer = null
	sasl.oauthbearer.jwks.endpoint.refresh.ms = 3600000
	sasl.oauthbearer.jwks.endpoint.retry.backoff.max.ms = 10000
	sasl.oauthbearer.jwks.endpoint.retry.backoff.ms = 100
	sasl.oauthbearer.jwks.endpoint.url = null
	sasl.oauthbearer.scope.claim.name = scope
	sasl.oauthbearer.sub.claim.name = sub
	sasl.oauthbearer.token.endpoint.url = null
	security.protocol = PLAINTEXT
	security.providers = null
	send.buffer.bytes = 131072
	socket.connection.setup.timeout.max.ms = 30000
	socket.connection.setup.timeout.ms = 10000
	ssl.cipher.suites = null
	ssl.enabled.protocols = [TLSv1.2, TLSv1.3]
	ssl.endpoint.identification.algorithm = https
	ssl.engine.factory.class = null
	ssl.key.password = null
	ssl.keymanager.algorithm = SunX509
	ssl.keystore.certificate.chain = null
	ssl.keystore.key = null
	ssl.keystore.location = null
	ssl.keystore.password = null
	ssl.keystore.type = JKS
	ssl.protocol = TLSv1.3
	ssl.provider = null
	ssl.secure.random.implementation = null
	ssl.trustmanager.algorithm = PKIX
	ssl.truststore.certificates = null
	ssl.truststore.location = null
	ssl.truststore.password = null
	ssl.truststore.type = JKS
	transaction.timeout.ms = 60000
	transactional.id = null
	value.serializer = class org.apache.kafka.common.serialization.StringSerializer

[main] INFO org.apache.kafka.common.telemetry.internals.KafkaMetricsCollector - initializing Kafka metrics collector
[main] INFO org.apache.kafka.clients.producer.KafkaProducer - [Producer clientId=producer-1] Instantiated an idempotent producer.
[main] INFO org.apache.kafka.common.utils.AppInfoParser - Kafka version: 3.7.0
[main] INFO org.apache.kafka.common.utils.AppInfoParser - Kafka commitId: 2ae524ed625438c5
[main] INFO org.apache.kafka.common.utils.AppInfoParser - Kafka startTimeMs: 1787296484527
[main] INFO com.weathermonitoring.station.WeatherStationApp - Station 5 started. Bootstrap servers: 127.0.0.1:9092
[kafka-producer-network-thread | producer-1] INFO org.apache.kafka.clients.Metadata - [Producer clientId=producer-1] Cluster ID: 8DMKEh4YQ4mV9vd8wzS2jA
[kafka-producer-network-thread | producer-1] INFO org.apache.kafka.clients.producer.internals.TransactionManager - [Producer clientId=producer-1] ProducerId set to 5 with epoch 0
[main] INFO com.weathermonitoring.station.WeatherStationApp - Station 5 sent s_no=1 battery=high humidity=49
[main] INFO com.weathermonitoring.station.WeatherStationApp - Station 5 sent s_no=2 battery=medium humidity=73
[main] INFO com.weathermonitoring.station.WeatherStationApp - Station 5 sent s_no=3 battery=medium humidity=0
[main] INFO com.weathermonitoring.station.WeatherStationApp - Station 5 sent s_no=4 battery=medium humidity=75
[main] INFO com.weathermonitoring.station.WeatherStationApp - Station 5 sent s_no=5 battery=high humidity=15
[main] INFO com.weathermonitoring.station.WeatherStationApp - Station 5 sent s_no=6 battery=low humidity=68
[main] INFO com.weathermonitoring.station.WeatherStationApp - Station 5 sent s_no=7 battery=medium humidity=90
[main] INFO com.weathermonitoring.station.WeatherStationApp - Station 5 sent s_no=8 battery=medium humidity=92
[main] INFO com.weathermonitoring.station.WeatherStationApp - Station 5 sent s_no=9 battery=low humidity=19
[main] INFO com.weathermonitoring.station.WeatherStationApp - Station 5 sent s_no=10 battery=medium humidity=44
[main] INFO com.weathermonitoring.station.WeatherStationApp - Station 5 sent s_no=11 battery=low humidity=18
[main] INFO com.weathermonitoring.station.WeatherStationApp - Station 5 sent s_no=12 battery=medium humidity=90
[main] INFO com.weathermonitoring.station.WeatherStationApp - Station 5 sent s_no=13 battery=low humidity=14
[main] INFO com.weathermonitoring.station.WeatherStationApp - Station 5 sent s_no=14 battery=low humidity=37
[main] INFO com.weathermonitoring.station.WeatherStationApp - Station 5 sent s_no=15 battery=high humidity=83
[main] WARN com.weathermonitoring.station.WeatherStationApp - Station 5 DROPPED message s_no=16
[main] INFO com.weathermonitoring.station.WeatherStationApp - Station 5 sent s_no=17 battery=high humidity=25
[main] INFO com.weathermonitoring.station.WeatherStationApp - Station 5 sent s_no=18 battery=medium humidity=83
[main] INFO com.weathermonitoring.station.WeatherStationApp - Station 5 sent s_no=19 battery=medium humidity=85
[main] INFO com.weathermonitoring.station.WeatherStationApp - Station 5 sent s_no=20 battery=medium humidity=72
[main] INFO com.weathermonitoring.station.WeatherStationApp - Station 5 sent s_no=21 battery=high humidity=64
[main] INFO com.weathermonitoring.station.WeatherStationApp - Station 5 sent s_no=22 battery=medium humidity=43
[main] WARN com.weathermonitoring.station.WeatherStationApp - Station 5 DROPPED message s_no=23
[main] INFO com.weathermonitoring.station.WeatherStationApp - Station 5 sent s_no=24 battery=medium humidity=38
[main] INFO com.weathermonitoring.station.WeatherStationApp - Station 5 sent s_no=25 battery=high humidity=64
[main] INFO com.weathermonitoring.station.WeatherStationApp - Station 5 sent s_no=26 battery=medium humidity=69
[main] INFO com.weathermonitoring.station.WeatherStationApp - Station 5 sent s_no=27 battery=high humidity=60
[main] INFO com.weathermonitoring.station.WeatherStationApp - Station 5 sent s_no=28 battery=medium humidity=7
[main] WARN com.weathermonitoring.station.WeatherStationApp - Station 5 DROPPED message s_no=29
[main] INFO com.weathermonitoring.station.WeatherStationApp - Station 5 sent s_no=30 battery=medium humidity=14
[main] INFO com.weathermonitoring.station.WeatherStationApp - Station 5 sent s_no=31 battery=medium humidity=43
[main] INFO com.weathermonitoring.station.WeatherStationApp - Station 5 sent s_no=32 battery=low humidity=11
[main] INFO com.weathermonitoring.station.WeatherStationApp - Station 5 sent s_no=33 battery=high humidity=86
[main] INFO com.weathermonitoring.station.WeatherStationApp - Station 5 sent s_no=34 battery=high humidity=98
[main] INFO com.weathermonitoring.station.WeatherStationApp - Station 5 sent s_no=35 battery=low humidity=30
[main] WARN com.weathermonitoring.station.WeatherStationApp - Station 5 DROPPED message s_no=36
[main] INFO com.weathermonitoring.station.WeatherStationApp - Station 5 sent s_no=37 battery=high humidity=80
[main] INFO com.weathermonitoring.station.WeatherStationApp - Station 5 sent s_no=38 battery=low humidity=19
[main] WARN com.weathermonitoring.station.WeatherStationApp - Station 5 DROPPED message s_no=39
[main] INFO com.weathermonitoring.station.WeatherStationApp - Station 5 sent s_no=40 battery=low humidity=99
[main] INFO com.weathermonitoring.station.WeatherStationApp - Station 5 sent s_no=41 battery=high humidity=53
[main] INFO com.weathermonitoring.station.WeatherStationApp - Station 5 sent s_no=42 battery=medium humidity=62
[main] INFO com.weathermonitoring.station.WeatherStationApp - Station 5 sent s_no=43 battery=low humidity=11
[main] INFO com.weathermonitoring.station.WeatherStationApp - Station 5 sent s_no=44 battery=low humidity=90
[main] INFO com.weathermonitoring.station.WeatherStationApp - Station 5 sent s_no=45 battery=medium humidity=23
[main] INFO com.weathermonitoring.station.WeatherStationApp - Station 5 sent s_no=46 battery=high humidity=97
[main] INFO com.weathermonitoring.station.WeatherStationApp - Station 5 sent s_no=47 battery=medium humidity=25
[main] WARN com.weathermonitoring.station.WeatherStationApp - Station 5 DROPPED message s_no=48
[main] INFO com.weathermonitoring.station.WeatherStationApp - Station 5 sent s_no=49 battery=high humidity=59
[main] INFO com.weathermonitoring.station.WeatherStationApp - Station 5 sent s_no=50 battery=high humidity=91
[main] INFO com.weathermonitoring.station.WeatherStationApp - Station 5 sent s_no=51 battery=high humidity=11
[main] INFO com.weathermonitoring.station.WeatherStationApp - Station 5 sent s_no=52 battery=high humidity=52
[main] INFO com.weathermonitoring.station.WeatherStationApp - Station 5 sent s_no=53 battery=high humidity=20
[main] INFO com.weathermonitoring.station.WeatherStationApp - Station 5 sent s_no=54 battery=low humidity=76
[main] INFO com.weathermonitoring.station.WeatherStationApp - Station 5 sent s_no=55 battery=medium humidity=40
[main] INFO com.weathermonitoring.station.WeatherStationApp - Station 5 sent s_no=56 battery=medium humidity=29
[main] INFO com.weathermonitoring.station.WeatherStationApp - Station 5 sent s_no=57 battery=medium humidity=56
[main] INFO com.weathermonitoring.station.WeatherStationApp - Station 5 sent s_no=58 battery=low humidity=85
[main] INFO com.weathermonitoring.station.WeatherStationApp - Station 5 sent s_no=59 battery=high humidity=44
[main] INFO com.weathermonitoring.station.WeatherStationApp - Station 5 sent s_no=60 battery=low humidity=74
[main] INFO com.weathermonitoring.station.WeatherStationApp - Station 5 sent s_no=61 battery=low humidity=31
[main] INFO com.weathermonitoring.station.WeatherStationApp - Station 5 sent s_no=62 battery=low humidity=5
[main] INFO com.weathermonitoring.station.WeatherStationApp - Station 5 sent s_no=63 battery=medium humidity=23
[main] INFO com.weathermonitoring.station.WeatherStationApp - Station 5 sent s_no=64 battery=high humidity=32
[main] INFO com.weathermonitoring.station.WeatherStationApp - Station 5 sent s_no=65 battery=medium humidity=58
[main] INFO com.weathermonitoring.station.WeatherStationApp - Station 5 sent s_no=66 battery=low humidity=33
[main] WARN com.weathermonitoring.station.WeatherStationApp - Station 5 DROPPED message s_no=67
[main] INFO com.weathermonitoring.station.WeatherStationApp - Station 5 sent s_no=68 battery=high humidity=39
[main] INFO com.weathermonitoring.station.WeatherStationApp - Station 5 sent s_no=69 battery=medium humidity=57
[main] INFO com.weathermonitoring.station.WeatherStationApp - Station 5 sent s_no=70 battery=medium humidity=33
[main] INFO com.weathermonitoring.station.WeatherStationApp - Station 5 sent s_no=71 battery=medium humidity=98
[main] INFO com.weathermonitoring.station.WeatherStationApp - Station 5 sent s_no=72 battery=high humidity=48
[main] INFO com.weathermonitoring.station.WeatherStationApp - Station 5 sent s_no=73 battery=medium humidity=12
[main] INFO com.weathermonitoring.station.WeatherStationApp - Station 5 sent s_no=74 battery=medium humidity=92
[main] INFO com.weathermonitoring.station.WeatherStationApp - Station 5 sent s_no=75 battery=high humidity=25
[main] INFO com.weathermonitoring.station.WeatherStationApp - Station 5 sent s_no=76 battery=high humidity=83
[main] INFO com.weathermonitoring.station.WeatherStationApp - Station 5 sent s_no=77 battery=high humidity=99
[main] INFO com.weathermonitoring.station.WeatherStationApp - Station 5 sent s_no=78 battery=high humidity=46
[main] INFO com.weathermonitoring.station.WeatherStationApp - Station 5 sent s_no=79 battery=low humidity=64
[main] INFO com.weathermonitoring.station.WeatherStationApp - Station 5 sent s_no=80 battery=medium humidity=20
[main] INFO com.weathermonitoring.station.WeatherStationApp - Station 5 sent s_no=81 battery=medium humidity=72
[main] INFO com.weathermonitoring.station.WeatherStationApp - Station 5 sent s_no=82 battery=medium humidity=65
[main] INFO com.weathermonitoring.station.WeatherStationApp - Station 5 sent s_no=83 battery=medium humidity=17
[main] INFO com.weathermonitoring.station.WeatherStationApp - Station 5 sent s_no=84 battery=medium humidity=74
[main] INFO com.weathermonitoring.station.WeatherStationApp - Station 5 sent s_no=85 battery=medium humidity=50
[main] INFO com.weathermonitoring.station.WeatherStationApp - Station 5 sent s_no=86 battery=low humidity=48
[main] INFO com.weathermonitoring.station.WeatherStationApp - Station 5 sent s_no=87 battery=medium humidity=89
[main] INFO com.weathermonitoring.station.WeatherStationApp - Station 5 sent s_no=88 battery=medium humidity=7
[main] WARN com.weathermonitoring.station.WeatherStationApp - Station 5 DROPPED message s_no=89
[main] INFO com.weathermonitoring.station.WeatherStationApp - Station 5 sent s_no=90 battery=high humidity=2
[main] INFO com.weathermonitoring.station.WeatherStationApp - Station 5 sent s_no=91 battery=low humidity=100
[main] INFO com.weathermonitoring.station.WeatherStationApp - Station 5 sent s_no=92 battery=medium humidity=89
[main] INFO com.weathermonitoring.station.WeatherStationApp - Station 5 sent s_no=93 battery=medium humidity=81
[main] INFO com.weathermonitoring.station.WeatherStationApp - Station 5 sent s_no=94 battery=low humidity=81
[main] INFO com.weathermonitoring.station.WeatherStationApp - Station 5 sent s_no=95 battery=medium humidity=49
[main] INFO com.weathermonitoring.station.WeatherStationApp - Station 5 sent s_no=96 battery=medium humidity=51
[main] INFO com.weathermonitoring.station.WeatherStationApp - Station 5 sent s_no=97 battery=high humidity=0
[main] INFO com.weathermonitoring.station.WeatherStationApp - Station 5 sent s_no=98 battery=low humidity=73
[main] WARN com.weathermonitoring.station.WeatherStationApp - Station 5 DROPPED message s_no=99
[main] INFO com.weathermonitoring.station.WeatherStationApp - Station 5 sent s_no=100 battery=high humidity=7
[main] INFO com.weathermonitoring.station.WeatherStationApp - Station 5 sent s_no=101 battery=medium humidity=3
[main] INFO com.weathermonitoring.station.WeatherStationApp - Station 5 sent s_no=102 battery=medium humidity=56
[main] INFO com.weathermonitoring.station.WeatherStationApp - Station 5 sent s_no=103 battery=medium humidity=6
[main] INFO com.weathermonitoring.station.WeatherStationApp - Station 5 sent s_no=104 battery=low humidity=81
[main] INFO com.weathermonitoring.station.WeatherStationApp - Station 5 sent s_no=105 battery=medium humidity=13
[main] INFO com.weathermonitoring.station.WeatherStationApp - Station 5 sent s_no=106 battery=medium humidity=93
[main] INFO com.weathermonitoring.station.WeatherStationApp - Station 5 sent s_no=107 battery=high humidity=3
[main] INFO com.weathermonitoring.station.WeatherStationApp - Station 5 sent s_no=108 battery=medium humidity=75
[main] INFO com.weathermonitoring.station.WeatherStationApp - Station 5 sent s_no=109 battery=medium humidity=60
[main] INFO com.weathermonitoring.station.WeatherStationApp - Station 5 sent s_no=110 battery=low humidity=36
[main] WARN com.weathermonitoring.station.WeatherStationApp - Station 5 DROPPED message s_no=111
[main] INFO com.weathermonitoring.station.WeatherStationApp - Station 5 sent s_no=112 battery=low humidity=43
[main] INFO com.weathermonitoring.station.WeatherStationApp - Station 5 sent s_no=113 battery=medium humidity=74
[main] WARN com.weathermonitoring.station.WeatherStationApp - Station 5 DROPPED message s_no=114
[main] INFO com.weathermonitoring.station.WeatherStationApp - Station 5 sent s_no=115 battery=medium humidity=41
[main] INFO com.weathermonitoring.station.WeatherStationApp - Station 5 sent s_no=116 battery=high humidity=36
[main] WARN com.weathermonitoring.station.WeatherStationApp - Station 5 DROPPED message s_no=117
[main] INFO com.weathermonitoring.station.WeatherStationApp - Station 5 sent s_no=118 battery=high humidity=42
[main] INFO com.weathermonitoring.station.WeatherStationApp - Station 5 sent s_no=119 battery=high humidity=58
[main] INFO com.weathermonitoring.station.WeatherStationApp - Station 5 sent s_no=120 battery=low humidity=19
[main] INFO com.weathermonitoring.station.WeatherStationApp - Station 5 sent s_no=121 battery=high humidity=60
[main] INFO com.weathermonitoring.station.WeatherStationApp - Station 5 sent s_no=122 battery=low humidity=23
[main] INFO com.weathermonitoring.station.WeatherStationApp - Station 5 sent s_no=123 battery=high humidity=3
[main] INFO com.weathermonitoring.station.WeatherStationApp - Station 5 sent s_no=124 battery=medium humidity=42
[main] INFO com.weathermonitoring.station.WeatherStationApp - Station 5 sent s_no=125 battery=low humidity=79
[main] INFO com.weathermonitoring.station.WeatherStationApp - Station 5 sent s_no=126 battery=low humidity=50
[main] INFO com.weathermonitoring.station.WeatherStationApp - Station 5 sent s_no=127 battery=low humidity=88
[main] INFO com.weathermonitoring.station.WeatherStationApp - Station 5 sent s_no=128 battery=low humidity=75
[main] INFO com.weathermonitoring.station.WeatherStationApp - Station 5 sent s_no=129 battery=high humidity=30
[main] INFO com.weathermonitoring.station.WeatherStationApp - Station 5 sent s_no=130 battery=low humidity=22
[main] WARN com.weathermonitoring.station.WeatherStationApp - Station 5 DROPPED message s_no=131
[main] INFO com.weathermonitoring.station.WeatherStationApp - Station 5 sent s_no=132 battery=medium humidity=70
[main] INFO com.weathermonitoring.station.WeatherStationApp - Station 5 sent s_no=133 battery=medium humidity=0
[main] INFO com.weathermonitoring.station.WeatherStationApp - Station 5 sent s_no=134 battery=high humidity=74
[main] INFO com.weathermonitoring.station.WeatherStationApp - Station 5 sent s_no=135 battery=medium humidity=22
[main] INFO com.weathermonitoring.station.WeatherStationApp - Station 5 sent s_no=136 battery=medium humidity=37
[main] INFO com.weathermonitoring.station.WeatherStationApp - Station 5 sent s_no=137 battery=medium humidity=88
[main] INFO com.weathermonitoring.station.WeatherStationApp - Station 5 sent s_no=138 battery=high humidity=55
[main] INFO com.weathermonitoring.station.WeatherStationApp - Station 5 sent s_no=139 battery=low humidity=56
[main] INFO com.weathermonitoring.station.WeatherStationApp - Station 5 sent s_no=140 battery=low humidity=42
[main] INFO com.weathermonitoring.station.WeatherStationApp - Station 5 sent s_no=141 battery=low humidity=95
[main] INFO com.weathermonitoring.station.WeatherStationApp - Station 5 sent s_no=142 battery=medium humidity=60
[main] INFO com.weathermonitoring.station.WeatherStationApp - Station 5 sent s_no=143 battery=medium humidity=86
[main] INFO com.weathermonitoring.station.WeatherStationApp - Station 5 sent s_no=144 battery=low humidity=70
[main] INFO com.weathermonitoring.station.WeatherStationApp - Station 5 sent s_no=145 battery=medium humidity=90
[main] INFO com.weathermonitoring.station.WeatherStationApp - Station 5 sent s_no=146 battery=medium humidity=13
[main] INFO com.weathermonitoring.station.WeatherStationApp - Station 5 sent s_no=147 battery=medium humidity=71
[main] INFO com.weathermonitoring.station.WeatherStationApp - Station 5 sent s_no=148 battery=low humidity=45
[main] INFO com.weathermonitoring.station.WeatherStationApp - Station 5 sent s_no=149 battery=high humidity=26
[main] INFO com.weathermonitoring.station.WeatherStationApp - Station 5 sent s_no=150 battery=low humidity=6
[main] INFO com.weathermonitoring.station.WeatherStationApp - Station 5 sent s_no=151 battery=high humidity=20
[main] INFO com.weathermonitoring.station.WeatherStationApp - Station 5 sent s_no=152 battery=high humidity=67
[main] INFO com.weathermonitoring.station.WeatherStationApp - Station 5 sent s_no=153 battery=medium humidity=41
[main] INFO com.weathermonitoring.station.WeatherStationApp - Station 5 sent s_no=154 battery=medium humidity=70
[main] INFO com.weathermonitoring.station.WeatherStationApp - Station 5 sent s_no=155 battery=high humidity=9
[main] INFO com.weathermonitoring.station.WeatherStationApp - Station 5 sent s_no=156 battery=low humidity=77
[main] INFO com.weathermonitoring.station.WeatherStationApp - Station 5 sent s_no=157 battery=low humidity=91
[main] INFO com.weathermonitoring.station.WeatherStationApp - Station 5 sent s_no=158 battery=high humidity=28
[main] INFO com.weathermonitoring.station.WeatherStationApp - Station 5 sent s_no=159 battery=high humidity=17
[main] INFO com.weathermonitoring.station.WeatherStationApp - Station 5 sent s_no=160 battery=medium humidity=86
[main] INFO com.weathermonitoring.station.WeatherStationApp - Station 5 sent s_no=161 battery=low humidity=30
[main] INFO com.weathermonitoring.station.WeatherStationApp - Station 5 sent s_no=162 battery=high humidity=13
[main] INFO com.weathermonitoring.station.WeatherStationApp - Station 5 sent s_no=163 battery=low humidity=48
[main] WARN com.weathermonitoring.station.WeatherStationApp - Station 5 DROPPED message s_no=164
[main] INFO com.weathermonitoring.station.WeatherStationApp - Station 5 sent s_no=165 battery=medium humidity=43
[main] INFO com.weathermonitoring.station.WeatherStationApp - Station 5 sent s_no=166 battery=low humidity=62
[main] INFO com.weathermonitoring.station.WeatherStationApp - Station 5 sent s_no=167 battery=high humidity=20
[main] INFO com.weathermonitoring.station.WeatherStationApp - Station 5 sent s_no=168 battery=low humidity=76
[main] INFO com.weathermonitoring.station.WeatherStationApp - Station 5 sent s_no=169 battery=medium humidity=66
[main] INFO com.weathermonitoring.station.WeatherStationApp - Station 5 sent s_no=170 battery=low humidity=48
[main] INFO com.weathermonitoring.station.WeatherStationApp - Station 5 sent s_no=171 battery=low humidity=35
[main] INFO com.weathermonitoring.station.WeatherStationApp - Station 5 sent s_no=172 battery=low humidity=72
[main] WARN com.weathermonitoring.station.WeatherStationApp - Station 5 DROPPED message s_no=173
[main] WARN com.weathermonitoring.station.WeatherStationApp - Station 5 DROPPED message s_no=174
[main] INFO com.weathermonitoring.station.WeatherStationApp - Station 5 sent s_no=175 battery=high humidity=58
[main] WARN com.weathermonitoring.station.WeatherStationApp - Station 5 DROPPED message s_no=176
[main] INFO com.weathermonitoring.station.WeatherStationApp - Station 5 sent s_no=177 battery=medium humidity=42
[main] INFO com.weathermonitoring.station.WeatherStationApp - Station 5 sent s_no=178 battery=high humidity=37
[main] WARN com.weathermonitoring.station.WeatherStationApp - Station 5 DROPPED message s_no=179
[main] INFO com.weathermonitoring.station.WeatherStationApp - Station 5 sent s_no=180 battery=medium humidity=6
[main] INFO com.weathermonitoring.station.WeatherStationApp - Station 5 sent s_no=181 battery=low humidity=60
[main] INFO com.weathermonitoring.station.WeatherStationApp - Station 5 sent s_no=182 battery=medium humidity=79
[main] INFO com.weathermonitoring.station.WeatherStationApp - Station 5 sent s_no=183 battery=medium humidity=3
[main] INFO com.weathermonitoring.station.WeatherStationApp - Station 5 sent s_no=184 battery=high humidity=32
[main] WARN com.weathermonitoring.station.WeatherStationApp - Station 5 DROPPED message s_no=185
[main] INFO com.weathermonitoring.station.WeatherStationApp - Station 5 sent s_no=186 battery=low humidity=69
[main] INFO com.weathermonitoring.station.WeatherStationApp - Station 5 sent s_no=187 battery=medium humidity=75
[main] INFO com.weathermonitoring.station.WeatherStationApp - Station 5 sent s_no=188 battery=high humidity=58
[main] WARN com.weathermonitoring.station.WeatherStationApp - Station 5 DROPPED message s_no=189
[main] INFO com.weathermonitoring.station.WeatherStationApp - Station 5 sent s_no=190 battery=medium humidity=93
[main] WARN com.weathermonitoring.station.WeatherStationApp - Station 5 DROPPED message s_no=191
[main] INFO com.weathermonitoring.station.WeatherStationApp - Station 5 sent s_no=192 battery=medium humidity=93
[main] INFO com.weathermonitoring.station.WeatherStationApp - Station 5 sent s_no=193 battery=high humidity=63
[main] INFO com.weathermonitoring.station.WeatherStationApp - Station 5 sent s_no=194 battery=high humidity=80
[main] WARN com.weathermonitoring.station.WeatherStationApp - Station 5 DROPPED message s_no=195
[main] INFO com.weathermonitoring.station.WeatherStationApp - Station 5 sent s_no=196 battery=high humidity=53
[main] INFO com.weathermonitoring.station.WeatherStationApp - Station 5 sent s_no=197 battery=high humidity=38
[main] INFO com.weathermonitoring.station.WeatherStationApp - Station 5 sent s_no=198 battery=low humidity=96
[main] INFO com.weathermonitoring.station.WeatherStationApp - Station 5 sent s_no=199 battery=low humidity=23
[main] INFO com.weathermonitoring.station.WeatherStationApp - Station 5 sent s_no=200 battery=low humidity=54
[main] INFO com.weathermonitoring.station.WeatherStationApp - Station 5 sent s_no=201 battery=low humidity=62
[main] INFO com.weathermonitoring.station.WeatherStationApp - Station 5 sent s_no=202 battery=medium humidity=27
[main] INFO com.weathermonitoring.station.WeatherStationApp - Station 5 sent s_no=203 battery=medium humidity=32
[main] INFO com.weathermonitoring.station.WeatherStationApp - Station 5 sent s_no=204 battery=high humidity=78
[main] WARN com.weathermonitoring.station.WeatherStationApp - Station 5 DROPPED message s_no=205
[main] INFO com.weathermonitoring.station.WeatherStationApp - Station 5 sent s_no=206 battery=medium humidity=88
[main] INFO com.weathermonitoring.station.WeatherStationApp - Station 5 sent s_no=207 battery=low humidity=12
[main] INFO com.weathermonitoring.station.WeatherStationApp - Station 5 sent s_no=208 battery=medium humidity=68
[main] INFO com.weathermonitoring.station.WeatherStationApp - Station 5 sent s_no=209 battery=low humidity=9
[main] INFO com.weathermonitoring.station.WeatherStationApp - Station 5 sent s_no=210 battery=medium humidity=13
[main] INFO com.weathermonitoring.station.WeatherStationApp - Station 5 sent s_no=211 battery=high humidity=8
[main] INFO com.weathermonitoring.station.WeatherStationApp - Station 5 sent s_no=212 battery=high humidity=7
[main] INFO com.weathermonitoring.station.WeatherStationApp - Station 5 sent s_no=213 battery=low humidity=35
[main] INFO com.weathermonitoring.station.WeatherStationApp - Station 5 sent s_no=214 battery=low humidity=33
[main] INFO com.weathermonitoring.station.WeatherStationApp - Station 5 sent s_no=215 battery=medium humidity=88
[main] INFO com.weathermonitoring.station.WeatherStationApp - Station 5 sent s_no=216 battery=medium humidity=46
[main] INFO com.weathermonitoring.station.WeatherStationApp - Station 5 sent s_no=217 battery=medium humidity=18
[main] INFO com.weathermonitoring.station.WeatherStationApp - Station 5 sent s_no=218 battery=medium humidity=60
[main] INFO com.weathermonitoring.station.WeatherStationApp - Station 5 sent s_no=219 battery=high humidity=82
[main] INFO com.weathermonitoring.station.WeatherStationApp - Station 5 sent s_no=220 battery=medium humidity=62
[main] WARN com.weathermonitoring.station.WeatherStationApp - Station 5 DROPPED message s_no=221
[main] INFO com.weathermonitoring.station.WeatherStationApp - Station 5 sent s_no=222 battery=high humidity=84
[main] INFO com.weathermonitoring.station.WeatherStationApp - Station 5 sent s_no=223 battery=medium humidity=34
[main] INFO com.weathermonitoring.station.WeatherStationApp - Station 5 sent s_no=224 battery=low humidity=85
[main] INFO com.weathermonitoring.station.WeatherStationApp - Station 5 sent s_no=225 battery=medium humidity=84
[main] INFO com.weathermonitoring.station.WeatherStationApp - Station 5 sent s_no=226 battery=medium humidity=51
[main] INFO com.weathermonitoring.station.WeatherStationApp - Station 5 sent s_no=227 battery=medium humidity=19
[main] INFO com.weathermonitoring.station.WeatherStationApp - Station 5 sent s_no=228 battery=low humidity=45
[main] INFO com.weathermonitoring.station.WeatherStationApp - Station 5 sent s_no=229 battery=low humidity=51
[main] INFO com.weathermonitoring.station.WeatherStationApp - Station 5 sent s_no=230 battery=high humidity=69
[main] INFO com.weathermonitoring.station.WeatherStationApp - Station 5 sent s_no=231 battery=high humidity=2
[main] INFO com.weathermonitoring.station.WeatherStationApp - Station 5 sent s_no=232 battery=medium humidity=85
[main] INFO com.weathermonitoring.station.WeatherStationApp - Station 5 sent s_no=233 battery=high humidity=50
[main] INFO com.weathermonitoring.station.WeatherStationApp - Station 5 sent s_no=234 battery=low humidity=53
[main] INFO com.weathermonitoring.station.WeatherStationApp - Station 5 sent s_no=235 battery=medium humidity=80
[main] INFO com.weathermonitoring.station.WeatherStationApp - Station 5 sent s_no=236 battery=medium humidity=99
[main] INFO com.weathermonitoring.station.WeatherStationApp - Station 5 sent s_no=237 battery=low humidity=28
[main] INFO com.weathermonitoring.station.WeatherStationApp - Station 5 sent s_no=238 battery=medium humidity=0
[main] INFO com.weathermonitoring.station.WeatherStationApp - Station 5 sent s_no=239 battery=low humidity=20
[main] INFO com.weathermonitoring.station.WeatherStationApp - Station 5 sent s_no=240 battery=medium humidity=48
[main] INFO com.weathermonitoring.station.WeatherStationApp - Station 5 sent s_no=241 battery=high humidity=75
[main] INFO com.weathermonitoring.station.WeatherStationApp - Station 5 sent s_no=242 battery=medium humidity=16
[main] INFO com.weathermonitoring.station.WeatherStationApp - Station 5 sent s_no=243 battery=medium humidity=2
[main] INFO com.weathermonitoring.station.WeatherStationApp - Station 5 sent s_no=244 battery=high humidity=88
[main] INFO com.weathermonitoring.station.WeatherStationApp - Station 5 sent s_no=245 battery=medium humidity=73
[main] INFO com.weathermonitoring.station.WeatherStationApp - Station 5 sent s_no=246 battery=medium humidity=48
[main] INFO com.weathermonitoring.station.WeatherStationApp - Station 5 sent s_no=247 battery=low humidity=38
[main] INFO com.weathermonitoring.station.WeatherStationApp - Station 5 sent s_no=248 battery=low humidity=0
[main] INFO com.weathermonitoring.station.WeatherStationApp - Station 5 sent s_no=249 battery=low humidity=26
[main] INFO com.weathermonitoring.station.WeatherStationApp - Station 5 sent s_no=250 battery=low humidity=56
[main] INFO com.weathermonitoring.station.WeatherStationApp - Station 5 sent s_no=251 battery=low humidity=58
[main] INFO com.weathermonitoring.station.WeatherStationApp - Station 5 sent s_no=252 battery=medium humidity=25
[main] WARN com.weathermonitoring.station.WeatherStationApp - Station 5 DROPPED message s_no=253
[main] INFO com.weathermonitoring.station.WeatherStationApp - Station 5 sent s_no=254 battery=low humidity=74
[main] INFO com.weathermonitoring.station.WeatherStationApp - Station 5 sent s_no=255 battery=low humidity=66
[main] INFO com.weathermonitoring.station.WeatherStationApp - Station 5 sent s_no=256 battery=low humidity=100
[main] INFO com.weathermonitoring.station.WeatherStationApp - Station 5 sent s_no=257 battery=low humidity=47
[main] WARN com.weathermonitoring.station.WeatherStationApp - Station 5 DROPPED message s_no=258
[main] INFO com.weathermonitoring.station.WeatherStationApp - Station 5 sent s_no=259 battery=high humidity=52
[main] INFO com.weathermonitoring.station.WeatherStationApp - Station 5 sent s_no=260 battery=high humidity=22
[main] INFO com.weathermonitoring.station.WeatherStationApp - Station 5 sent s_no=261 battery=high humidity=25
[main] INFO com.weathermonitoring.station.WeatherStationApp - Station 5 sent s_no=262 battery=medium humidity=10
[main] INFO com.weathermonitoring.station.WeatherStationApp - Station 5 sent s_no=263 battery=medium humidity=18
[main] INFO com.weathermonitoring.station.WeatherStationApp - Station 5 sent s_no=264 battery=low humidity=49
[main] INFO com.weathermonitoring.station.WeatherStationApp - Station 5 sent s_no=265 battery=low humidity=7
[main] WARN com.weathermonitoring.station.WeatherStationApp - Station 5 DROPPED message s_no=266
[main] INFO com.weathermonitoring.station.WeatherStationApp - Station 5 sent s_no=267 battery=high humidity=88
[main] INFO com.weathermonitoring.station.WeatherStationApp - Station 5 sent s_no=268 battery=high humidity=4
[main] INFO com.weathermonitoring.station.WeatherStationApp - Station 5 sent s_no=269 battery=high humidity=47
[main] INFO com.weathermonitoring.station.WeatherStationApp - Station 5 sent s_no=270 battery=low humidity=11
[main] INFO com.weathermonitoring.station.WeatherStationApp - Station 5 sent s_no=271 battery=high humidity=3
[main] INFO com.weathermonitoring.station.WeatherStationApp - Station 5 sent s_no=272 battery=low humidity=86
[main] INFO com.weathermonitoring.station.WeatherStationApp - Station 5 sent s_no=273 battery=medium humidity=78
[main] INFO com.weathermonitoring.station.WeatherStationApp - Station 5 sent s_no=274 battery=medium humidity=2
[main] WARN com.weathermonitoring.station.WeatherStationApp - Station 5 DROPPED message s_no=275
[main] INFO com.weathermonitoring.station.WeatherStationApp - Station 5 sent s_no=276 battery=high humidity=69
[main] INFO com.weathermonitoring.station.WeatherStationApp - Station 5 sent s_no=277 battery=medium humidity=54
[main] INFO com.weathermonitoring.station.WeatherStationApp - Station 5 sent s_no=278 battery=medium humidity=28
[main] INFO com.weathermonitoring.station.WeatherStationApp - Station 5 sent s_no=279 battery=medium humidity=89
[main] INFO com.weathermonitoring.station.WeatherStationApp - Station 5 sent s_no=280 battery=low humidity=4
[main] INFO com.weathermonitoring.station.WeatherStationApp - Station 5 sent s_no=281 battery=medium humidity=38
[main] INFO com.weathermonitoring.station.WeatherStationApp - Station 5 sent s_no=282 battery=high humidity=16
[main] INFO com.weathermonitoring.station.WeatherStationApp - Station 5 sent s_no=283 battery=low humidity=52
[main] INFO com.weathermonitoring.station.WeatherStationApp - Station 5 sent s_no=284 battery=low humidity=71
[main] INFO com.weathermonitoring.station.WeatherStationApp - Station 5 sent s_no=285 battery=medium humidity=60
[main] INFO com.weathermonitoring.station.WeatherStationApp - Station 5 sent s_no=286 battery=medium humidity=85
[main] INFO com.weathermonitoring.station.WeatherStationApp - Station 5 sent s_no=287 battery=low humidity=67
[main] INFO com.weathermonitoring.station.WeatherStationApp - Station 5 sent s_no=288 battery=low humidity=45
[main] INFO com.weathermonitoring.station.WeatherStationApp - Station 5 sent s_no=289 battery=high humidity=10
[main] INFO com.weathermonitoring.station.WeatherStationApp - Station 5 sent s_no=290 battery=high humidity=28
[main] INFO com.weathermonitoring.station.WeatherStationApp - Station 5 sent s_no=291 battery=medium humidity=92
[main] WARN com.weathermonitoring.station.WeatherStationApp - Station 5 DROPPED message s_no=292
[main] INFO com.weathermonitoring.station.WeatherStationApp - Station 5 sent s_no=293 battery=high humidity=85
[main] INFO com.weathermonitoring.station.WeatherStationApp - Station 5 sent s_no=294 battery=low humidity=81
[main] INFO com.weathermonitoring.station.WeatherStationApp - Station 5 sent s_no=295 battery=low humidity=55
[main] INFO com.weathermonitoring.station.WeatherStationApp - Station 5 sent s_no=296 battery=low humidity=39
[main] INFO com.weathermonitoring.station.WeatherStationApp - Station 5 sent s_no=297 battery=low humidity=29
[main] INFO com.weathermonitoring.station.WeatherStationApp - Station 5 sent s_no=298 battery=medium humidity=92
[main] INFO com.weathermonitoring.station.WeatherStationApp - Station 5 sent s_no=299 battery=high humidity=97
[main] INFO com.weathermonitoring.station.WeatherStationApp - Station 5 sent s_no=300 battery=medium humidity=81
[main] INFO com.weathermonitoring.station.WeatherStationApp - Station 5 sent s_no=301 battery=low humidity=21
[main] WARN com.weathermonitoring.station.WeatherStationApp - Station 5 DROPPED message s_no=302
[main] INFO com.weathermonitoring.station.WeatherStationApp - Station 5 sent s_no=303 battery=high humidity=63
[main] INFO com.weathermonitoring.station.WeatherStationApp - Station 5 sent s_no=304 battery=low humidity=99
[main] INFO com.weathermonitoring.station.WeatherStationApp - Station 5 sent s_no=305 battery=low humidity=81
[main] INFO com.weathermonitoring.station.WeatherStationApp - Station 5 sent s_no=306 battery=medium humidity=82
[main] INFO com.weathermonitoring.station.WeatherStationApp - Station 5 sent s_no=307 battery=medium humidity=61
[main] INFO com.weathermonitoring.station.WeatherStationApp - Station 5 sent s_no=308 battery=high humidity=53
[main] INFO com.weathermonitoring.station.WeatherStationApp - Station 5 sent s_no=309 battery=high humidity=92
[main] INFO com.weathermonitoring.station.WeatherStationApp - Station 5 sent s_no=310 battery=high humidity=45
[main] INFO com.weathermonitoring.station.WeatherStationApp - Station 5 sent s_no=311 battery=medium humidity=48
[main] INFO com.weathermonitoring.station.WeatherStationApp - Station 5 sent s_no=312 battery=low humidity=69
[main] INFO com.weathermonitoring.station.WeatherStationApp - Station 5 sent s_no=313 battery=high humidity=28
[main] INFO com.weathermonitoring.station.WeatherStationApp - Station 5 sent s_no=314 battery=medium humidity=22
[main] INFO com.weathermonitoring.station.WeatherStationApp - Station 5 sent s_no=315 battery=medium humidity=35
[main] INFO com.weathermonitoring.station.WeatherStationApp - Station 5 sent s_no=316 battery=low humidity=68
[main] INFO com.weathermonitoring.station.WeatherStationApp - Station 5 sent s_no=317 battery=high humidity=44
[main] INFO com.weathermonitoring.station.WeatherStationApp - Station 5 sent s_no=318 battery=medium humidity=9
[main] INFO com.weathermonitoring.station.WeatherStationApp - Station 5 sent s_no=319 battery=high humidity=91
[main] WARN com.weathermonitoring.station.WeatherStationApp - Station 5 DROPPED message s_no=320
[main] INFO com.weathermonitoring.station.WeatherStationApp - Station 5 sent s_no=321 battery=medium humidity=67
[main] INFO com.weathermonitoring.station.WeatherStationApp - Station 5 sent s_no=322 battery=high humidity=21
[main] INFO com.weathermonitoring.station.WeatherStationApp - Station 5 sent s_no=323 battery=medium humidity=73
[main] INFO com.weathermonitoring.station.WeatherStationApp - Station 5 sent s_no=324 battery=high humidity=84
[main] INFO com.weathermonitoring.station.WeatherStationApp - Station 5 sent s_no=325 battery=medium humidity=31
[main] INFO com.weathermonitoring.station.WeatherStationApp - Station 5 sent s_no=326 battery=medium humidity=56
[main] INFO com.weathermonitoring.station.WeatherStationApp - Station 5 sent s_no=327 battery=low humidity=79
[main] WARN com.weathermonitoring.station.WeatherStationApp - Station 5 DROPPED message s_no=328
[main] INFO com.weathermonitoring.station.WeatherStationApp - Station 5 sent s_no=329 battery=high humidity=15
[main] INFO com.weathermonitoring.station.WeatherStationApp - Station 5 sent s_no=330 battery=high humidity=86
[main] INFO com.weathermonitoring.station.WeatherStationApp - Station 5 sent s_no=331 battery=high humidity=20
[main] INFO com.weathermonitoring.station.WeatherStationApp - Station 5 sent s_no=332 battery=high humidity=60
[main] WARN com.weathermonitoring.station.WeatherStationApp - Station 5 DROPPED message s_no=333
[main] INFO com.weathermonitoring.station.WeatherStationApp - Station 5 sent s_no=334 battery=high humidity=10
[main] INFO com.weathermonitoring.station.WeatherStationApp - Station 5 sent s_no=335 battery=high humidity=30
[main] INFO com.weathermonitoring.station.WeatherStationApp - Station 5 sent s_no=336 battery=high humidity=61
[main] INFO com.weathermonitoring.station.WeatherStationApp - Station 5 sent s_no=337 battery=low humidity=69
[main] INFO com.weathermonitoring.station.WeatherStationApp - Station 5 sent s_no=338 battery=high humidity=56
[main] INFO com.weathermonitoring.station.WeatherStationApp - Station 5 sent s_no=339 battery=low humidity=93
[main] INFO com.weathermonitoring.station.WeatherStationApp - Station 5 sent s_no=340 battery=medium humidity=21
[main] INFO com.weathermonitoring.station.WeatherStationApp - Station 5 sent s_no=341 battery=medium humidity=76
[main] INFO com.weathermonitoring.station.WeatherStationApp - Station 5 sent s_no=342 battery=high humidity=76
[main] INFO com.weathermonitoring.station.WeatherStationApp - Station 5 sent s_no=343 battery=medium humidity=89
[main] WARN com.weathermonitoring.station.WeatherStationApp - Station 5 DROPPED message s_no=344
[main] INFO com.weathermonitoring.station.WeatherStationApp - Station 5 sent s_no=345 battery=medium humidity=72
[main] INFO com.weathermonitoring.station.WeatherStationApp - Station 5 sent s_no=346 battery=high humidity=73
[main] INFO com.weathermonitoring.station.WeatherStationApp - Station 5 sent s_no=347 battery=low humidity=51
[main] INFO com.weathermonitoring.station.WeatherStationApp - Station 5 sent s_no=348 battery=medium humidity=7
[main] INFO com.weathermonitoring.station.WeatherStationApp - Station 5 sent s_no=349 battery=medium humidity=78
[main] INFO com.weathermonitoring.station.WeatherStationApp - Station 5 sent s_no=350 battery=high humidity=34
[main] INFO com.weathermonitoring.station.WeatherStationApp - Station 5 sent s_no=351 battery=high humidity=31
[main] INFO com.weathermonitoring.station.WeatherStationApp - Station 5 sent s_no=352 battery=medium humidity=80
[main] INFO com.weathermonitoring.station.WeatherStationApp - Station 5 sent s_no=353 battery=high humidity=59
[main] WARN com.weathermonitoring.station.WeatherStationApp - Station 5 DROPPED message s_no=354
[main] INFO com.weathermonitoring.station.WeatherStationApp - Station 5 sent s_no=355 battery=high humidity=64
[main] INFO com.weathermonitoring.station.WeatherStationApp - Station 5 sent s_no=356 battery=high humidity=87
[main] WARN com.weathermonitoring.station.WeatherStationApp - Station 5 DROPPED message s_no=357
[main] INFO com.weathermonitoring.station.WeatherStationApp - Station 5 sent s_no=358 battery=medium humidity=28
[main] WARN com.weathermonitoring.station.WeatherStationApp - Station 5 DROPPED message s_no=359
[main] INFO com.weathermonitoring.station.WeatherStationApp - Station 5 sent s_no=360 battery=high humidity=42
[main] INFO com.weathermonitoring.station.WeatherStationApp - Station 5 sent s_no=361 battery=high humidity=43
[main] INFO com.weathermonitoring.station.WeatherStationApp - Station 5 sent s_no=362 battery=high humidity=96
[main] INFO com.weathermonitoring.station.WeatherStationApp - Station 5 sent s_no=363 battery=high humidity=95
[main] INFO com.weathermonitoring.station.WeatherStationApp - Station 5 sent s_no=364 battery=low humidity=76
[main] INFO com.weathermonitoring.station.WeatherStationApp - Station 5 sent s_no=365 battery=low humidity=41
[main] INFO com.weathermonitoring.station.WeatherStationApp - Station 5 sent s_no=366 battery=high humidity=16
[main] INFO com.weathermonitoring.station.WeatherStationApp - Station 5 sent s_no=367 battery=medium humidity=100
[main] INFO com.weathermonitoring.station.WeatherStationApp - Station 5 sent s_no=368 battery=medium humidity=19
[main] INFO com.weathermonitoring.station.WeatherStationApp - Station 5 sent s_no=369 battery=low humidity=94
[main] INFO com.weathermonitoring.station.WeatherStationApp - Station 5 sent s_no=370 battery=high humidity=28
[main] INFO com.weathermonitoring.station.WeatherStationApp - Station 5 sent s_no=371 battery=medium humidity=20
[main] INFO com.weathermonitoring.station.WeatherStationApp - Station 5 sent s_no=372 battery=medium humidity=92
[main] INFO com.weathermonitoring.station.WeatherStationApp - Station 5 sent s_no=373 battery=high humidity=52
[main] INFO com.weathermonitoring.station.WeatherStationApp - Station 5 sent s_no=374 battery=high humidity=79
[main] INFO com.weathermonitoring.station.WeatherStationApp - Station 5 sent s_no=375 battery=medium humidity=72
[main] INFO com.weathermonitoring.station.WeatherStationApp - Station 5 sent s_no=376 battery=low humidity=49
[main] WARN com.weathermonitoring.station.WeatherStationApp - Station 5 DROPPED message s_no=377
[main] INFO com.weathermonitoring.station.WeatherStationApp - Station 5 sent s_no=378 battery=high humidity=75
[main] WARN com.weathermonitoring.station.WeatherStationApp - Station 5 DROPPED message s_no=379
[kafka-producer-network-thread | producer-1] INFO org.apache.kafka.clients.NetworkClient - [Producer clientId=producer-1] Node 0 disconnected.
[kafka-producer-network-thread | producer-1] INFO org.apache.kafka.clients.NetworkClient - [Producer clientId=producer-1] Node -1 disconnected.
[kafka-producer-network-thread | producer-1] INFO org.apache.kafka.clients.NetworkClient - [Producer clientId=producer-1] Node 0 disconnected.
[kafka-producer-network-thread | producer-1] WARN org.apache.kafka.clients.NetworkClient - [Producer clientId=producer-1] Connection to node 0 (Fouad.localdomain/127.0.1.1:9092) could not be established. Node may not be available.
                                                                                                                                                                                                                                                                                                                                                                                                                                                                                                                                                                                                                                                                                                                                                                                                                                                                                                                                                                                                                                                                                                                                                                                                                                                                                                                                                                                                                                                                                                                                                                                                                                                                                                                                                                                                                                                                                                                                                                                                                                                                                                                                                                                                                                                                                                                                                                                                                                                                                                                                                                                                                                                                                                                                                                                                                                                                         