[main] INFO org.apache.kafka.clients.producer.ProducerConfig - ProducerConfig values: 
	acks = -1
	auto.include.jmx.reporter = true
	batch.size = 16384
	bootstrap.servers = [127.0.0.1:9092]
	buffer.memory = 33554432
	client.dns.lookup = use_all_dns_ips
	client.id = producer-1
	compression.type = none
	connections.max.idle.ms = 540000
	delivery.timeout.ms = 120000
	enable.idempotence = true
	enable.metrics.push = true
	interceptor.classes = []
	key.serializer = class org.apache.kafka.common.serialization.StringSerializer
	linger.ms = 0
	max.block.ms = 60000
	max.in.flight.requests.per.connection = 5
	max.request.size = 1048576
	metadata.max.age.ms = 300000
	metadata.max.idle.ms = 300000
	metric.reporters = []
	metrics.num.samples = 2
	metrics.recording.level = INFO
	metrics.sample.window.ms = 30000
	partitioner.adaptive.partitioning.enable = true
	partitioner.availability.timeout.ms = 0
	partitioner.class = null
	partitioner.ignore.keys = false
	receive.buffer.bytes = 32768
	reconnect.backoff.max.ms = 1000
	reconnect.backoff.ms = 50
	request.timeout.ms = 30000
	retries = 3
	retry.backoff.max.ms = 1000
	retry.backoff.ms = 100
	sasl.client.callback.handler.class = null
	sasl.jaas.config = null
	sasl.kerberos.kinit.cmd = /usr/bin/kinit
	sasl.kerberos.min.time.before.relogin = 60000
	sasl.kerberos.service.name = null
	sasl.kerberos.ticket.renew.jitter = 0.05
	sasl.kerberos.ticket.renew.window.factor = 0.8
	sasl.login.callback.handler.class = null
	sasl.login.class = null
	sasl.login.connect.timeout.ms = null
	sasl.login.read.timeout.ms = null
	sasl.login.refresh.buffer.seconds = 300
	sasl.login.refresh.min.period.seconds = 60
	sasl.login.refresh.window.factor = 0.8
	sasl.login.refresh.window.jitter = 0.05
	sasl.login.retry.backoff.max.ms = 10000
	sasl.login.retry.backoff.ms = 100
	sasl.mechanism = GSSAPI
	sasl.oauthbearer.clock.skew.seconds = 30
	sasl.oauthbearer.expected.audience = null
	sasl.oauthbearer.expected.issuer = null
	sasl.oauthbearer.jwks.endpoint.refresh.ms = 3600000
	sasl.oauthbearer.jwks.endpoint.retry.backoff.max.ms = 10000
	sasl.oauthbearer.jwks.endpoint.retry.backoff.ms = 100
	sasl.oauthbearer.jwks.endpoint.url = null
	sasl.oauthbearer.scope.claim.name = scope
	sasl.oauthbearer.sub.claim.name = sub
	sasl.oauthbearer.token.endpoint.url = null
	security.protocol = PLAINTEXT
	security.providers = null
	send.buffer.bytes = 131072
	socket.connection.setup.timeout.max.ms = 30000
	socket.connection.setup.timeout.ms = 10000
	ssl.cipher.suites = null
	ssl.enabled.protocols = [TLSv1.2, TLSv1.3]
	ssl.endpoint.identification.algorithm = https
	ssl.engine.factory.class = null
	ssl.key.password = null
	ssl.keymanager.algorithm = SunX509
	ssl.keystore.certificate.chain = null
	ssl.keystore.key = null
	ssl.keystore.location = null
	ssl.keystore.password = null
	ssl.keystore.type = JKS
	ssl.protocol = TLSv1.3
	ssl.provider = null
	ssl.secure.random.implementation = null
	ssl.trustmanager.algorithm = PKIX
	ssl.truststore.certificates = null
	ssl.truststore.location = null
	ssl.truststore.password = null
	ssl.truststore.type = JKS
	transaction.timeout.ms = 60000
	transactional.id = null
	value.serializer = class org.apache.kafka.common.serialization.StringSerializer

[main] INFO org.apache.kafka.common.telemetry.internals.KafkaMetricsCollector - initializing Kafka metrics collector
[main] INFO org.apache.kafka.clients.producer.KafkaProducer - [Producer clientId=producer-1] Instantiated an idempotent producer.
[main] INFO org.apache.kafka.common.utils.AppInfoParser - Kafka version: 3.7.0
[main] INFO org.apache.kafka.common.utils.AppInfoParser - Kafka commitId: 2ae524ed625438c5
[main] INFO org.apache.kafka.common.utils.AppInfoParser - Kafka startTimeMs: 1787296484668
[main] INFO com.weathermonitoring.station.WeatherStationApp - Station 2 started. Bootstrap servers: 127.0.0.1:9092
[main] WARN com.weathermonitoring.station.WeatherStationApp - Station 2 DROPPED message s_no=1
[main] WARN com.weathermonitoring.station.WeatherStationApp - Station 2 DROPPED message s_no=2
[kafka-producer-network-thread | producer-1] INFO org.apache.kafka.clients.Metadata - [Producer clientId=producer-1] Cluster ID: 8DMKEh4YQ4mV9vd8wzS2jA
[kafka-producer-network-thread | producer-1] INFO org.apache.kafka.clients.producer.internals.TransactionManager - [Producer clientId=producer-1] ProducerId set to 10 with epoch 0
[main] INFO com.weathermonitoring.station.WeatherStationApp - Station 2 sent s_no=3 battery=high humidity=21
[main] INFO com.weathermonitoring.station.WeatherStationApp - Station 2 sent s_no=4 battery=medium humidity=94
[main] INFO com.weathermonitoring.station.WeatherStationApp - Station 2 sent s_no=5 battery=low humidity=43
[main] INFO com.weathermonitoring.station.WeatherStationApp - Station 2 sent s_no=6 battery=medium humidity=25
[main] INFO com.weathermonitoring.station.WeatherStationApp - Station 2 sent s_no=7 battery=medium humidity=46
[main] WARN com.weathermonitoring.station.WeatherStationApp - Station 2 DROPPED message s_no=8
[main] INFO com.weathermonitoring.station.WeatherStationApp - Station 2 sent s_no=9 battery=high humidity=77
[main] INFO com.weathermonitoring.station.WeatherStationApp - Station 2 sent s_no=10 battery=medium humidity=40
[main] INFO com.weathermonitoring.station.WeatherStationApp - Station 2 sent s_no=11 battery=medium humidity=17
[main] INFO com.weathermonitoring.station.WeatherStationApp - Station 2 sent s_no=12 battery=medium humidity=63
[main] INFO com.weathermonitoring.station.WeatherStationApp - Station 2 sent s_no=13 battery=medium humidity=81
[main] INFO com.weathermonitoring.station.WeatherStationApp - Station 2 sent s_no=14 battery=high humidity=25
[main] INFO com.weathermonitoring.station.WeatherStationApp - Station 2 sent s_no=15 battery=medium humidity=98
[main] INFO com.weathermonitoring.station.WeatherStationApp - Station 2 sent s_no=16 battery=medium humidity=74
[main] INFO com.weathermonitoring.station.WeatherStationApp - Station 2 sent s_no=17 battery=high humidity=8
[main] INFO com.weathermonitoring.station.WeatherStationApp - Station 2 sent s_no=18 battery=high humidity=40
[main] INFO com.weathermonitoring.station.WeatherStationApp - Station 2 sent s_no=19 battery=medium humidity=71
[main] INFO com.weathermonitoring.station.WeatherStationApp - Station 2 sent s_no=20 battery=low humidity=20
[main] WARN com.weathermonitoring.station.WeatherStationApp - Station 2 DROPPED message s_no=21
[main] INFO com.weathermonitoring.station.WeatherStationApp - Station 2 sent s_no=22 battery=low humidity=51
[main] INFO com.weathermonitoring.station.WeatherStationApp - Station 2 sent s_no=23 battery=low humidity=34
[main] INFO com.weathermonitoring.station.WeatherStationApp - Station 2 sent s_no=24 battery=high humidity=53
[main] INFO com.weathermonitoring.station.WeatherStationApp - Station 2 sent s_no=25 battery=high humidity=47
[main] INFO com.weathermonitoring.station.WeatherStationApp - Station 2 sent s_no=26 battery=low humidity=54
[main] INFO com.weathermonitoring.station.WeatherStationApp - Station 2 sent s_no=27 battery=medium humidity=22
[main] INFO com.weathermonitoring.station.WeatherStationApp - Station 2 sent s_no=28 battery=low humidity=19
[main] INFO com.weathermonitoring.station.WeatherStationApp - Station 2 sent s_no=29 battery=low humidity=62
[main] INFO com.weathermonitoring.station.WeatherStationApp - Station 2 sent s_no=30 battery=low humidity=26
[main] INFO com.weathermonitoring.station.WeatherStationApp - Station 2 sent s_no=31 battery=low humidity=73
[main] INFO com.weathermonitoring.station.WeatherStationApp - Station 2 sent s_no=32 battery=low humidity=6
[main] INFO com.weathermonitoring.station.WeatherStationApp - Station 2 sent s_no=33 battery=medium humidity=44
[main] WARN com.weathermonitoring.station.WeatherStationApp - Station 2 DROPPED message s_no=34
[main] INFO com.weathermonitoring.station.WeatherStationApp - Station 2 sent s_no=35 battery=high humidity=86
[main] INFO com.weathermonitoring.station.WeatherStationApp - Station 2 sent s_no=36 battery=medium humidity=74
[main] INFO com.weathermonitoring.station.WeatherStationApp - Station 2 sent s_no=37 battery=high humidity=7
[main] INFO com.weathermonitoring.station.WeatherStationApp - Station 2 sent s_no=38 battery=high humidity=53
[main] INFO com.weathermonitoring.station.WeatherStationApp - Station 2 sent s_no=39 battery=medium humidity=98
[main] INFO com.weathermonitoring.station.WeatherStationApp - Station 2 sent s_no=40 battery=high humidity=93
[main] INFO com.weathermonitoring.station.WeatherStationApp - Station 2 sent s_no=41 battery=low humidity=37
[main] INFO com.weathermonitoring.station.WeatherStationApp - Station 2 sent s_no=42 battery=high humidity=94
[main] INFO com.weathermonitoring.station.WeatherStationApp - Station 2 sent s_no=43 battery=medium humidity=84
[main] INFO com.weathermonitoring.station.WeatherStationApp - Station 2 sent s_no=44 battery=high humidity=15
[main] INFO com.weathermonitoring.station.WeatherStationApp - Station 2 sent s_no=45 battery=low humidity=56
[main] INFO com.weathermonitoring.station.WeatherStationApp - Station 2 sent s_no=46 battery=low humidity=49
[main] INFO com.weathermonitoring.station.WeatherStationApp - Station 2 sent s_no=47 battery=medium humidity=86
[main] INFO com.weathermonitoring.station.WeatherStationApp - Station 2 sent s_no=48 battery=high humidity=25
[main] INFO com.weathermonitoring.station.WeatherStationApp - Station 2 sent s_no=49 battery=medium humidity=26
[main] INFO com.weathermonitoring.station.WeatherStationApp - Station 2 sent s_no=50 battery=medium humidity=59
[main] INFO com.weathermonitoring.station.WeatherStationApp - Station 2 sent s_no=51 battery=low humidity=27
[main] INFO com.weathermonitoring.station.WeatherStationApp - Station 2 sent s_no=52 battery=high humidity=59
[main] WARN com.weathermonitoring.station.WeatherStationApp - Station 2 DROPPED message s_no=53
[main] INFO com.weathermonitoring.station.WeatherStationApp - Station 2 sent s_no=54 battery=medium humidity=91
[main] INFO com.weathermonitoring.station.WeatherStationApp - Station 2 sent s_no=55 battery=high humidity=95
[main] INFO com.weathermonitoring.station.WeatherStationApp - Station 2 sent s_no=56 battery=low humidity=26
[main] INFO com.weathermonitoring.station.WeatherStationApp - Station 2 sent s_no=57 battery=high humidity=98
[main] INFO com.weathermonitoring.station.WeatherStationApp - Station 2 sent s_no=58 battery=medium humidity=25
[main] INFO com.weathermonitoring.station.WeatherStationApp - Station 2 sent s_no=59 battery=low humidity=6
[main] INFO com.weathermonitoring.station.WeatherStationApp - Station 2 sent s_no=60 battery=low humidity=33
[main] INFO com.weathermonitoring.station.WeatherStationApp - Station 2 sent s_no=61 battery=low humidity=99
[main] INFO com.weathermonitoring.station.WeatherStationApp - Station 2 sent s_no=62 battery=high humidity=75
[main] INFO com.weathermonitoring.station.WeatherStationApp - Station 2 sent s_no=63 battery=low humidity=34
[main] WARN com.weathermonitoring.station.WeatherStationApp - Station 2 DROPPED message s_no=64
[main] INFO com.weathermonitoring.station.WeatherStationApp - Station 2 sent s_no=65 battery=medium humidity=16
[main] INFO com.weathermonitoring.station.WeatherStationApp - Station 2 sent s_no=66 battery=high humidity=9
[main] INFO com.weathermonitoring.station.WeatherStationApp - Station 2 sent s_no=67 battery=medium humidity=21
[main] INFO com.weathermonitoring.station.WeatherStationApp - Station 2 sent s_no=68 battery=high humidity=77
[main] INFO com.weathermonitoring.station.WeatherStationApp - Station 2 sent s_no=69 battery=medium humidity=2
[main] INFO com.weathermonitoring.station.WeatherStationApp - Station 2 sent s_no=70 battery=high humidity=36
[main] INFO com.weathermonitoring.station.WeatherStationApp - Station 2 sent s_no=71 battery=medium humidity=50
[main] INFO com.weathermonitoring.station.WeatherStationApp - Station 2 sent s_no=72 battery=low humidity=94
[main] WARN com.weathermonitoring.station.WeatherStationApp - Station 2 DROPPED message s_no=73
[main] INFO com.weathermonitoring.station.WeatherStationApp - Station 2 sent s_no=74 battery=medium humidity=72
[main] INFO com.weathermonitoring.station.WeatherStationApp - Station 2 sent s_no=75 battery=medium humidity=97
[main] INFO com.weathermonitoring.station.WeatherStationApp - Station 2 sent s_no=76 battery=low humidity=52
[main] INFO com.weathermonitoring.station.WeatherStationApp - Station 2 sent s_no=77 battery=low humidity=37
[main] INFO com.weathermonitoring.station.WeatherStationApp - Station 2 sent s_no=78 battery=medium humidity=74
[main] INFO com.weathermonitoring.station.WeatherStationApp - Station 2 sent s_no=79 battery=medium humidity=61
[main] INFO com.weathermonitoring.station.WeatherStationApp - Station 2 sent s_no=80 battery=high humidity=88
[main] INFO com.weathermonitoring.station.WeatherStationApp - Station 2 sent s_no=81 battery=high humidity=53
[main] INFO com.weathermonitoring.station.WeatherStationApp - Station 2 sent s_no=82 battery=low humidity=78
[main] INFO com.weathermonitoring.station.WeatherStationApp - Station 2 sent s_no=83 battery=low humidity=67
[main] INFO com.weathermonitoring.station.WeatherStationApp - Station 2 sent s_no=84 battery=high humidity=73
[main] INFO com.weathermonitoring.station.WeatherStationApp - Station 2 sent s_no=85 battery=medium humidity=69
[main] INFO com.weathermonitoring.station.WeatherStationApp - Station 2 sent s_no=86 battery=high humidity=50
[main] INFO com.weathermonitoring.station.WeatherStationApp - Station 2 sent s_no=87 battery=low humidity=44
[main] WARN com.weathermonitoring.station.WeatherStationApp - Station 2 DROPPED message s_no=88
[main] INFO com.weathermonitoring.station.WeatherStationApp - Station 2 sent s_no=89 battery=medium humidity=53
[main] WARN com.weathermonitoring.station.WeatherStationApp - Station 2 DROPPED message s_no=90
[main] INFO com.weathermonitoring.station.WeatherStationApp - Station 2 sent s_no=91 battery=medium humidity=28
[main] INFO com.weathermonitoring.station.WeatherStationApp - Station 2 sent s_no=92 battery=medium humidity=29
[main] INFO com.weathermonitoring.station.WeatherStationApp - Station 2 sent s_no=93 battery=low humidity=92
[main] WARN com.weathermonitoring.station.WeatherStationApp - Station 2 DROPPED message s_no=94
[main] INFO com.weathermonitoring.station.WeatherStationApp - Station 2 sent s_no=95 battery=medium humidity=43
[main] WARN com.weathermonitoring.station.WeatherStationApp - Station 2 DROPPED message s_no=96
[main] INFO com.weathermonitoring.station.WeatherStationApp - Station 2 sent s_no=97 battery=medium humidity=66
[main] INFO com.weathermonitoring.station.WeatherStationApp - Station 2 sent s_no=98 battery=medium humidity=13
[main] INFO com.weathermonitoring.station.WeatherStationApp - Station 2 sent s_no=99 battery=medium humidity=45
[main] INFO com.weathermonitoring.station.WeatherStationApp - Station 2 sent s_no=100 battery=medium humidity=99
[main] INFO com.weathermonitoring.station.WeatherStationApp - Station 2 sent s_no=101 battery=medium humidity=15
[main] INFO com.weathermonitoring.station.WeatherStationApp - Station 2 sent s_no=102 battery=medium humidity=10
[main] INFO com.weathermonitoring.station.WeatherStationApp - Station 2 sent s_no=103 battery=low humidity=26
[main] INFO com.weathermonitoring.station.WeatherStationApp - Station 2 sent s_no=104 battery=medium humidity=65
[main] INFO com.weathermonitoring.station.WeatherStationApp - Station 2 sent s_no=105 battery=medium humidity=26
[main] INFO com.weathermonitoring.station.WeatherStationApp - Station 2 sent s_no=106 battery=high humidity=97
[main] INFO com.weathermonitoring.station.WeatherStationApp - Station 2 sent s_no=107 battery=high humidity=77
[main] INFO com.weathermonitoring.station.WeatherStationApp - Station 2 sent s_no=108 battery=high humidity=37
[main] INFO com.weathermonitoring.station.WeatherStationApp - Station 2 sent s_no=109 battery=low humidity=15
[main] INFO com.weathermonitoring.station.WeatherStationApp - Station 2 sent s_no=110 battery=medium humidity=99
[main] INFO com.weathermonitoring.station.WeatherStationApp - Station 2 sent s_no=111 battery=medium humidity=100
[main] WARN com.weathermonitoring.station.WeatherStationApp - Station 2 DROPPED message s_no=112
[main] INFO com.weathermonitoring.station.WeatherStationApp - Station 2 sent s_no=113 battery=high humidity=43
[main] WARN com.weathermonitoring.station.WeatherStationApp - Station 2 DROPPED message s_no=114
[main] INFO com.weathermonitoring.station.WeatherStationApp - Station 2 sent s_no=115 battery=medium humidity=93
[main] WARN com.weathermonitoring.station.WeatherStationApp - Station 2 DROPPED message s_no=116
[main] INFO com.weathermonitoring.station.WeatherStationApp - Station 2 sent s_no=117 battery=low humidity=52
[main] INFO com.weathermonitoring.station.WeatherStationApp - Station 2 sent s_no=118 battery=low humidity=65
[main] INFO com.weathermonitoring.station.WeatherStationApp - Station 2 sent s_no=119 battery=low humidity=52
[main] INFO com.weathermonitoring.station.WeatherStationApp - Station 2 sent s_no=120 battery=medium humidity=80
[main] INFO com.weathermonitoring.station.WeatherStationApp - Station 2 sent s_no=121 battery=low humidity=95
[main] INFO com.weathermonitoring.station.WeatherStationApp - Station 2 sent s_no=122 battery=medium humidity=64
[main] INFO com.weathermonitoring.station.WeatherStationApp - Station 2 sent s_no=123 battery=medium humidity=39
[main] INFO com.weathermonitoring.station.WeatherStationApp - Station 2 sent s_no=124 battery=low humidity=53
[main] INFO com.weathermonitoring.station.WeatherStationApp - Station 2 sent s_no=125 battery=low humidity=98
[main] INFO com.weathermonitoring.station.WeatherStationApp - Station 2 sent s_no=126 battery=high humidity=51
[main] INFO com.weathermonitoring.station.WeatherStationApp - Station 2 sent s_no=127 battery=low humidity=30
[main] WARN com.weathermonitoring.station.WeatherStationApp - Station 2 DROPPED message s_no=128
[main] INFO com.weathermonitoring.station.WeatherStationApp - Station 2 sent s_no=129 battery=high humidity=53
[main] WARN com.weathermonitoring.station.WeatherStationApp - Station 2 DROPPED message s_no=130
[main] INFO com.weathermonitoring.station.WeatherStationApp - Station 2 sent s_no=131 battery=medium humidity=16
[main] INFO com.weathermonitoring.station.WeatherStationApp - Station 2 sent s_no=132 battery=high humidity=49
[main] INFO com.weathermonitoring.station.WeatherStationApp - Station 2 sent s_no=133 battery=medium humidity=1
[main] INFO com.weathermonitoring.station.WeatherStationApp - Station 2 sent s_no=134 battery=low humidity=8
[main] WARN com.weathermonitoring.station.WeatherStationApp - Station 2 DROPPED message s_no=135
[main] INFO com.weathermonitoring.station.WeatherStationApp - Station 2 sent s_no=136 battery=high humidity=32
[main] INFO com.weathermonitoring.station.WeatherStationApp - Station 2 sent s_no=137 battery=medium humidity=52
[main] WARN com.weathermonitoring.station.WeatherStationApp - Station 2 DROPPED message s_no=138
[main] INFO com.weathermonitoring.station.WeatherStationApp - Station 2 sent s_no=139 battery=low humidity=30
[main] WARN com.weathermonitoring.station.WeatherStationApp - Station 2 DROPPED message s_no=140
[main] WARN com.weathermonitoring.station.WeatherStationApp - Station 2 DROPPED message s_no=141
[main] INFO com.weathermonitoring.station.WeatherStationApp - Station 2 sent s_no=142 battery=high humidity=19
[main] INFO com.weathermonitoring.station.WeatherStationApp - Station 2 sent s_no=143 battery=medium humidity=61
[main] INFO com.weathermonitoring.station.WeatherStationApp - Station 2 sent s_no=144 battery=low humidity=94
[main] INFO com.weathermonitoring.station.WeatherStationApp - Station 2 sent s_no=145 battery=medium humidity=62
[main] INFO com.weathermonitoring.station.WeatherStationApp - Station 2 sent s_no=146 battery=medium humidity=40
[main] INFO com.weathermonitoring.station.WeatherStationApp - Station 2 sent s_no=147 battery=medium humidity=23
[main] INFO com.weathermonitoring.station.WeatherStationApp - Station 2 sent s_no=148 battery=medium humidity=58
[main] INFO com.weathermonitoring.station.WeatherStationApp - Station 2 sent s_no=149 battery=medium humidity=87
[main] INFO com.weathermonitoring.station.WeatherStationApp - Station 2 sent s_no=150 battery=low humidity=51
[main] INFO com.weathermonitoring.station.WeatherStationApp - Station 2 sent s_no=151 battery=high humidity=90
[main] INFO com.weathermonitoring.station.WeatherStationApp - Station 2 sent s_no=152 battery=medium humidity=88
[main] INFO com.weathermonitoring.station.WeatherStationApp - Station 2 sent s_no=153 battery=high humidity=4
[main] INFO com.weathermonitoring.station.WeatherStationApp - Station 2 sent s_no=154 battery=high humidity=53
[main] INFO com.weathermonitoring.station.WeatherStationApp - Station 2 sent s_no=155 battery=medium humidity=29
[main] INFO com.weathermonitoring.station.WeatherStationApp - Station 2 sent s_no=156 battery=low humidity=41
[main] INFO com.weathermonitoring.station.WeatherStationApp - Station 2 sent s_no=157 battery=high humidity=30
[main] INFO com.weathermonitoring.station.WeatherStationApp - Station 2 sent s_no=158 battery=low humidity=17
[main] INFO com.weathermonitoring.station.WeatherStationApp - Station 2 sent s_no=159 battery=high humidity=44
[main] INFO com.weathermonitoring.station.WeatherStationApp - Station 2 sent s_no=160 battery=low humidity=21
[main] INFO com.weathermonitoring.station.WeatherStationApp - Station 2 sent s_no=161 battery=high humidity=34
[main] INFO com.weathermonitoring.station.WeatherStationApp - Station 2 sent s_no=162 battery=high humidity=22
[main] INFO com.weathermonitoring.station.WeatherStationApp - Station 2 sent s_no=163 battery=low humidity=67
[main] INFO com.weathermonitoring.station.WeatherStationApp - Station 2 sent s_no=164 battery=low humidity=57
[main] INFO com.weathermonitoring.station.WeatherStationApp - Station 2 sent s_no=165 battery=medium humidity=72
[main] INFO com.weathermonitoring.station.WeatherStationApp - Station 2 sent s_no=166 battery=low humidity=91
[main] INFO com.weathermonitoring.station.WeatherStationApp - Station 2 sent s_no=167 battery=high humidity=50
[main] INFO com.weathermonitoring.station.WeatherStationApp - Station 2 sent s_no=168 battery=medium humidity=38
[main] WARN com.weathermonitoring.station.WeatherStationApp - Station 2 DROPPED message s_no=169
[main] INFO com.weathermonitoring.station.WeatherStationApp - Station 2 sent s_no=170 battery=medium humidity=63
[main] INFO com.weathermonitoring.station.WeatherStationApp - Station 2 sent s_no=171 battery=high humidity=77
[main] INFO com.weathermonitoring.station.WeatherStationApp - Station 2 sent s_no=172 battery=medium humidity=72
[main] INFO com.weathermonitoring.station.WeatherStationApp - Station 2 sent s_no=173 battery=low humidity=24
[main] WARN com.weathermonitoring.station.WeatherStationApp - Station 2 DROPPED message s_no=174
[main] WARN com.weathermonitoring.station.WeatherStationApp - Station 2 DROPPED message s_no=175
[main] INFO com.weathermonitoring.station.WeatherStationApp - Station 2 sent s_no=176 battery=medium humidity=73
[main] INFO com.weathermonitoring.station.WeatherStationApp - Station 2 sent s_no=177 battery=high humidity=40
[main] INFO com.weathermonitoring.station.WeatherStationApp - Station 2 sent s_no=178 battery=medium humidity=99
[main] INFO com.weathermonitoring.station.WeatherStationApp - Station 2 sent s_no=179 battery=medium humidity=0
[main] INFO com.weathermonitoring.station.WeatherStationApp - Station 2 sent s_no=180 battery=medium humidity=91
[main] INFO com.weathermonitoring.station.WeatherStationApp - Station 2 sent s_no=181 battery=high humidity=10
[main] INFO com.weathermonitoring.station.WeatherStationApp - Station 2 sent s_no=182 battery=high humidity=62
[main] INFO com.weathermonitoring.station.WeatherStationApp - Station 2 sent s_no=183 battery=medium humidity=24
[main] INFO com.weathermonitoring.station.WeatherStationApp - Station 2 sent s_no=184 battery=medium humidity=45
[main] INFO com.weathermonitoring.station.WeatherStationApp - Station 2 sent s_no=185 battery=high humidity=35
[main] INFO com.weathermonitoring.station.WeatherStationApp - Station 2 sent s_no=186 battery=high humidity=70
[main] INFO com.weathermonitoring.station.WeatherStationApp - Station 2 sent s_no=187 battery=high humidity=2
[main] INFO com.weathermonitoring.station.WeatherStationApp - Station 2 sent s_no=188 battery=low humidity=2
[main] INFO com.weathermonitoring.station.WeatherStationApp - Station 2 sent s_no=189 battery=medium humidity=58
[main] INFO com.weathermonitoring.station.WeatherStationApp - Station 2 sent s_no=190 battery=high humidity=45
[main] INFO com.weathermonitoring.station.WeatherStationApp - Station 2 sent s_no=191 battery=high humidity=73
[main] INFO com.weathermonitoring.station.WeatherStationApp - Station 2 sent s_no=192 battery=medium humidity=37
[main] INFO com.weathermonitoring.station.WeatherStationApp - Station 2 sent s_no=193 battery=high humidity=36
[main] INFO com.weathermonitoring.station.WeatherStationApp - Station 2 sent s_no=194 battery=low humidity=70
[main] INFO com.weathermonitoring.station.WeatherStationApp - Station 2 sent s_no=195 battery=high humidity=38
[main] INFO com.weathermonitoring.station.WeatherStationApp - Station 2 sent s_no=196 battery=low humidity=5
[main] INFO com.weathermonitoring.station.WeatherStationApp - Station 2 sent s_no=197 battery=low humidity=18
[main] INFO com.weathermonitoring.station.WeatherStationApp - Station 2 sent s_no=198 battery=low humidity=2
[main] INFO com.weathermonitoring.station.WeatherStationApp - Station 2 sent s_no=199 battery=medium humidity=62
[main] INFO com.weathermonitoring.station.WeatherStationApp - Station 2 sent s_no=200 battery=high humidity=97
[main] INFO com.weathermonitoring.station.WeatherStationApp - Station 2 sent s_no=201 battery=low humidity=16
[main] INFO com.weathermonitoring.station.WeatherStationApp - Station 2 sent s_no=202 battery=medium humidity=80
[main] INFO com.weathermonitoring.station.WeatherStationApp - Station 2 sent s_no=203 battery=medium humidity=99
[main] INFO com.weathermonitoring.station.WeatherStationApp - Station 2 sent s_no=204 battery=low humidity=66
[main] INFO com.weathermonitoring.station.WeatherStationApp - Station 2 sent s_no=205 battery=low humidity=7
[main] INFO com.weathermonitoring.station.WeatherStationApp - Station 2 sent s_no=206 battery=medium humidity=65
[main] INFO com.weathermonitoring.station.WeatherStationApp - Station 2 sent s_no=207 battery=medium humidity=54
[main] INFO com.weathermonitoring.station.WeatherStationApp - Station 2 sent s_no=208 battery=medium humidity=67
[main] INFO com.weathermonitoring.station.WeatherStationApp - Station 2 sent s_no=209 battery=medium humidity=89
[main] INFO com.weathermonitoring.station.WeatherStationApp - Station 2 sent s_no=210 battery=medium humidity=20
[main] INFO com.weathermonitoring.station.WeatherStationApp - Station 2 sent s_no=211 battery=medium humidity=59
[main] INFO com.weathermonitoring.station.WeatherStationApp - Station 2 sent s_no=212 battery=low humidity=9
[main] INFO com.weathermonitoring.station.WeatherStationApp - Station 2 sent s_no=213 battery=high humidity=24
[main] INFO com.weathermonitoring.station.WeatherStationApp - Station 2 sent s_no=214 battery=high humidity=87
[main] INFO com.weathermonitoring.station.WeatherStationApp - Station 2 sent s_no=215 battery=low humidity=68
[main] INFO com.weathermonitoring.station.WeatherStationApp - Station 2 sent s_no=216 battery=low humidity=2
[main] INFO com.weathermonitoring.station.WeatherStationApp - Station 2 sent s_no=217 battery=medium humidity=62
[main] WARN com.weathermonitoring.station.WeatherStationApp - Station 2 DROPPED message s_no=218
[main] INFO com.weathermonitoring.station.WeatherStationApp - Station 2 sent s_no=219 battery=medium humidity=49
[main] INFO com.weathermonitoring.station.WeatherStationApp - Station 2 sent s_no=220 battery=low humidity=3
[main] INFO com.weathermonitoring.station.WeatherStationApp - Station 2 sent s_no=221 battery=medium humidity=73
[main] INFO com.weathermonitoring.station.WeatherStationApp - Station 2 sent s_no=222 battery=low humidity=33
[main] INFO com.weathermonitoring.station.WeatherStationApp - Station 2 sent s_no=223 battery=medium humidity=23
[main] INFO com.weathermonitoring.station.WeatherStationApp - Station 2 sent s_no=224 battery=medium humidity=49
[main] INFO com.weathermonitoring.station.WeatherStationApp - Station 2 sent s_no=225 battery=low humidity=76
[main] WARN com.weathermonitoring.station.WeatherStationApp - Station 2 DROPPED message s_no=226
[main] INFO com.weathermonitoring.station.WeatherStationApp - Station 2 sent s_no=227 battery=low humidity=100
[main] INFO com.weathermonitoring.station.WeatherStationApp - Station 2 sent s_no=228 battery=low humidity=86
[main] INFO com.weathermonitoring.station.WeatherStationApp - Station 2 sent s_no=229 battery=low humidity=83
[main] INFO com.weathermonitoring.station.WeatherStationApp - Station 2 sent s_no=230 battery=medium humidity=66
[main] INFO com.weathermonitoring.station.WeatherStationApp - Station 2 sent s_no=231 battery=medium humidity=9
[main] INFO com.weathermonitoring.station.WeatherStationApp - Station 2 sent s_no=232 battery=high humidity=5
[main] INFO com.weathermonitoring.station.WeatherStationApp - Station 2 sent s_no=233 battery=medium humidity=59
[main] WARN com.weathermonitoring.station.WeatherStationApp - Station 2 DROPPED message s_no=234
[main] INFO com.weathermonitoring.station.WeatherStationApp - Station 2 sent s_no=235 battery=low humidity=42
[main] INFO com.weathermonitoring.station.WeatherStationApp - Station 2 sent s_no=236 battery=high humidity=38
[main] INFO com.weathermonitoring.station.WeatherStationApp - Station 2 sent s_no=237 battery=medium humidity=29
[main] INFO com.weathermonitoring.station.WeatherStationApp - Station 2 sent s_no=238 battery=medium humidity=43
[main] INFO com.weathermonitoring.station.WeatherStationApp - Station 2 sent s_no=239 battery=medium humidity=55
[main] INFO com.weathermonitoring.station.WeatherStationApp - Station 2 sent s_no=240 battery=low humidity=30
[main] INFO com.weathermonitoring.station.WeatherStationApp - Station 2 sent s_no=241 battery=low humidity=88
[main] INFO com.weathermonitoring.station.WeatherStationApp - Station 2 sent s_no=242 battery=high humidity=42
[main] INFO com.weathermonitoring.station.WeatherStationApp - Station 2 sent s_no=243 battery=low humidity=68
[main] INFO com.weathermonitoring.station.WeatherStationApp - Station 2 sent s_no=244 battery=medium humidity=40
[main] INFO com.weathermonitoring.station.WeatherStationApp - Station 2 sent s_no=245 battery=low humidity=98
[main] INFO com.weathermonitoring.station.WeatherStationApp - Station 2 sent s_no=246 battery=high humidity=1
[main] INFO com.weathermonitoring.station.WeatherStationApp - Station 2 sent s_no=247 battery=medium humidity=3
[main] INFO com.weathermonitoring.station.WeatherStationApp - Station 2 sent s_no=248 battery=low humidity=78
[main] INFO com.weathermonitoring.station.WeatherStationApp - Station 2 sent s_no=249 battery=medium humidity=5
[main] INFO com.weathermonitoring.station.WeatherStationApp - Station 2 sent s_no=250 battery=medium humidity=11
[main] INFO com.weathermonitoring.station.WeatherStationApp - Station 2 sent s_no=251 battery=high humidity=78
[main] INFO com.weathermonitoring.station.WeatherStationApp - Station 2 sent s_no=252 battery=medium humidity=38
[main] INFO com.weathermonitoring.station.WeatherStationApp - Station 2 sent s_no=253 battery=low humidity=36
[main] INFO com.weathermonitoring.station.WeatherStationApp - Station 2 sent s_no=254 battery=low humidity=42
[main] INFO com.weathermonitoring.station.WeatherStationApp - Station 2 sent s_no=255 battery=high humidity=59
[main] INFO com.weathermonitoring.station.WeatherStationApp - Station 2 sent s_no=256 battery=high humidity=73
[main] INFO com.weathermonitoring.station.WeatherStationApp - Station 2 sent s_no=257 battery=high humidity=12
[main] WARN com.weathermonitoring.station.WeatherStationApp - Station 2 DROPPED message s_no=258
[main] INFO com.weathermonitoring.station.WeatherStationApp - Station 2 sent s_no=259 battery=low humidity=68
[main] INFO com.weathermonitoring.station.WeatherStationApp - Station 2 sent s_no=260 battery=low humidity=71
[main] INFO com.weathermonitoring.station.WeatherStationApp - Station 2 sent s_no=261 battery=medium humidity=85
[main] INFO com.weathermonitoring.station.WeatherStationApp - Station 2 sent s_no=262 battery=low humidity=63
[main] WARN com.weathermonitoring.station.WeatherStationApp - Station 2 DROPPED message s_no=263
[main] INFO com.weathermonitoring.station.WeatherStationApp - Station 2 sent s_no=264 battery=high humidity=10
[main] INFO com.weathermonitoring.station.WeatherStationApp - Station 2 sent s_no=265 battery=low humidity=23
[main] INFO com.weathermonitoring.station.WeatherStationApp - Station 2 sent s_no=266 battery=high humidity=69
[main] INFO com.weathermonitoring.station.WeatherStationApp - Station 2 sent s_no=267 battery=medium humidity=14
[main] INFO com.weathermonitoring.station.WeatherStationApp - Station 2 sent s_no=268 battery=high humidity=13
[main] INFO com.weathermonitoring.station.WeatherStationApp - Station 2 sent s_no=269 battery=high humidity=78
[main] INFO com.weathermonitoring.station.WeatherStationApp - Station 2 sent s_no=270 battery=low humidity=31
[main] WARN com.weathermonitoring.station.WeatherStationApp - Station 2 DROPPED message s_no=271
[main] INFO com.weathermonitoring.station.WeatherStationApp - Station 2 sent s_no=272 battery=high humidity=49
[main] INFO com.weathermonitoring.station.WeatherStationApp - Station 2 sent s_no=273 battery=high humidity=50
[main] INFO com.weathermonitoring.station.WeatherStationApp - Station 2 sent s_no=274 battery=high humidity=67
[main] INFO com.weathermonitoring.station.WeatherStationApp - Station 2 sent s_no=275 battery=high humidity=98
[main] INFO com.weathermonitoring.station.WeatherStationApp - Station 2 sent s_no=276 battery=medium humidity=25
[main] INFO com.weathermonitoring.station.WeatherStationApp - Station 2 sent s_no=277 battery=high humidity=29
[main] INFO com.weathermonitoring.station.WeatherStationApp - Station 2 sent s_no=278 battery=medium humidity=71
[main] INFO com.weathermonitoring.station.WeatherStationApp - Station 2 sent s_no=279 battery=medium humidity=6
[main] INFO com.weathermonitoring.station.WeatherStationApp - Station 2 sent s_no=280 battery=low humidity=2
[main] INFO com.weathermonitoring.station.WeatherStationApp - Station 2 sent s_no=281 battery=high humidity=0
[main] INFO com.weathermonitoring.station.WeatherStationApp - Station 2 sent s_no=282 battery=low humidity=6
[main] INFO com.weathermonitoring.station.WeatherStationApp - Station 2 sent s_no=283 battery=medium humidity=73
[main] INFO com.weathermonitoring.station.WeatherStationApp - Station 2 sent s_no=284 battery=low humidity=42
[main] INFO com.weathermonitoring.station.WeatherStationApp - Station 2 sent s_no=285 battery=high humidity=91
[main] INFO com.weathermonitoring.station.WeatherStationApp - Station 2 sent s_no=286 battery=medium humidity=69
[main] INFO com.weathermonitoring.station.WeatherStationApp - Station 2 sent s_no=287 battery=high humidity=64
[main] INFO com.weathermonitoring.station.WeatherStationApp - Station 2 sent s_no=288 battery=low humidity=6
[main] INFO com.weathermonitoring.station.WeatherStationApp - Station 2 sent s_no=289 battery=low humidity=45
[main] INFO com.weathermonitoring.station.WeatherStationApp - Station 2 sent s_no=290 battery=high humidity=95
[main] INFO com.weathermonitoring.station.WeatherStationApp - Station 2 sent s_no=291 battery=high humidity=33
[main] INFO com.weathermonitoring.station.WeatherStationApp - Station 2 sent s_no=292 battery=medium humidity=40
[main] INFO com.weathermonitoring.station.WeatherStationApp - Station 2 sent s_no=293 battery=high humidity=80
[main] INFO com.weathermonitoring.station.WeatherStationApp - Station 2 sent s_no=294 battery=low humidity=2
[main] INFO com.weathermonitoring.station.WeatherStationApp - Station 2 sent s_no=295 battery=medium humidity=37
[main] WARN com.weathermonitoring.station.WeatherStationApp - Station 2 DROPPED message s_no=296
[main] INFO com.weathermonitoring.station.WeatherStationApp - Station 2 sent s_no=297 battery=low humidity=71
[main] INFO com.weathermonitoring.station.WeatherStationApp - Station 2 sent s_no=298 battery=low humidity=4
[main] INFO com.weathermonitoring.station.WeatherStationApp - Station 2 sent s_no=299 battery=high humidity=58
[main] INFO com.weathermonitoring.station.WeatherStationApp - Station 2 sent s_no=300 battery=medium humidity=99
[main] INFO com.weathermonitoring.station.WeatherStationApp - Station 2 sent s_no=301 battery=high humidity=74
[main] INFO com.weathermonitoring.station.WeatherStationApp - Station 2 sent s_no=302 battery=low humidity=75
[main] INFO com.weathermonitoring.station.WeatherStationApp - Station 2 sent s_no=303 battery=medium humidity=83
[main] INFO com.weathermonitoring.station.WeatherStationApp - Station 2 sent s_no=304 battery=low humidity=19
[main] INFO com.weathermonitoring.station.WeatherStationApp - Station 2 sent s_no=305 battery=high humidity=37
[main] INFO com.weathermonitoring.station.WeatherStationApp - Station 2 sent s_no=306 battery=medium humidity=33
[main] INFO com.weathermonitoring.station.WeatherStationApp - Station 2 sent s_no=307 battery=medium humidity=34
[main] INFO com.weathermonitoring.station.WeatherStationApp - Station 2 sent s_no=308 battery=high humidity=20
[main] INFO com.weathermonitoring.station.WeatherStationApp - Station 2 sent s_no=309 battery=high humidity=9
[main] INFO com.weathermonitoring.station.WeatherStationApp - Station 2 sent s_no=310 battery=low humidity=42
[main] INFO com.weathermonitoring.station.WeatherStationApp - Station 2 sent s_no=311 battery=high humidity=99
[main] INFO com.weathermonitoring.station.WeatherStationApp - Station 2 sent s_no=312 battery=high humidity=28
[main] INFO com.weathermonitoring.station.WeatherStationApp - Station 2 sent s_no=313 battery=low humidity=29
[main] INFO com.weathermonitoring.station.WeatherStationApp - Station 2 sent s_no=314 battery=medium humidity=100
[main] INFO com.weathermonitoring.station.WeatherStationApp - Station 2 sent s_no=315 battery=high humidity=4
[main] INFO com.weathermonitoring.station.WeatherStationApp - Station 2 sent s_no=316 battery=medium humidity=58
[main] INFO com.weathermonitoring.station.WeatherStationApp - Station 2 sent s_no=317 battery=high humidity=44
[main] INFO com.weathermonitoring.station.WeatherStationApp - Station 2 sent s_no=318 battery=low humidity=15
[main] WARN com.weathermonitoring.station.WeatherStationApp - Station 2 DROPPED message s_no=319
[main] INFO com.weathermonitoring.station.WeatherStationApp - Station 2 sent s_no=320 battery=high humidity=18
[main] INFO com.weathermonitoring.station.WeatherStationApp - Station 2 sent s_no=321 battery=low humidity=74
[main] INFO com.weathermonitoring.station.WeatherStationApp - Station 2 sent s_no=322 battery=medium humidity=4
[main] INFO com.weathermonitoring.station.WeatherStationApp - Station 2 sent s_no=323 battery=medium humidity=34
[main] WARN com.weathermonitoring.station.WeatherStationApp - Station 2 DROPPED message s_no=324
[main] INFO com.weathermonitoring.station.WeatherStationApp - Station 2 sent s_no=325 battery=medium humidity=5
[main] INFO com.weathermonitoring.station.WeatherStationApp - Station 2 sent s_no=326 battery=low humidity=0
[main] INFO com.weathermonitoring.station.WeatherStationApp - Station 2 sent s_no=327 battery=medium humidity=67
[main] INFO com.weathermonitoring.station.WeatherStationApp - Station 2 sent s_no=328 battery=medium humidity=64
[main] INFO com.weathermonitoring.station.WeatherStationApp - Station 2 sent s_no=329 battery=medium humidity=99
[main] WARN com.weathermonitoring.station.WeatherStationApp - Station 2 DROPPED message s_no=330
[main] INFO com.weathermonitoring.station.WeatherStationApp - Station 2 sent s_no=331 battery=low humidity=34
[main] INFO com.weathermonitoring.station.WeatherStationApp - Station 2 sent s_no=332 battery=medium humidity=32
[main] INFO com.weathermonitoring.station.WeatherStationApp - Station 2 sent s_no=333 battery=high humidity=7
[main] INFO com.weathermonitoring.station.WeatherStationApp - Station 2 sent s_no=334 battery=medium humidity=6
[main] INFO com.weathermonitoring.station.WeatherStationApp - Station 2 sent s_no=335 battery=low humidity=35
[main] INFO com.weathermonitoring.station.WeatherStationApp - Station 2 sent s_no=336 battery=high humidity=17
[main] INFO com.weathermonitoring.station.WeatherStationApp - Station 2 sent s_no=337 battery=low humidity=17
[main] INFO com.weathermonitoring.station.WeatherStationApp - Station 2 sent s_no=338 battery=high humidity=77
[main] INFO com.weathermonitoring.station.WeatherStationApp - Station 2 sent s_no=339 battery=medium humidity=56
[main] INFO com.weathermonitoring.station.WeatherStationApp - Station 2 sent s_no=340 battery=high humidity=89
[main] INFO com.weathermonitoring.station.WeatherStationApp - Station 2 sent s_no=341 battery=medium humidity=97
[main] WARN com.weathermonitoring.station.WeatherStationApp - Station 2 DROPPED message s_no=342
[main] INFO com.weathermonitoring.station.WeatherStationApp - Station 2 sent s_no=343 battery=medium humidity=22
[main] INFO com.weathermonitoring.station.WeatherStationApp - Station 2 sent s_no=344 battery=low humidity=95
[main] INFO com.weathermonitoring.station.WeatherStationApp - Station 2 sent s_no=345 battery=medium humidity=91
[main] INFO com.weathermonitoring.station.WeatherStationApp - Station 2 sent s_no=346 battery=high humidity=36
[main] INFO com.weathermonitoring.station.WeatherStationApp - Station 2 sent s_no=347 battery=low humidity=45
[main] INFO com.weathermonitoring.station.WeatherStationApp - Station 2 sent s_no=348 battery=medium humidity=74
[main] INFO com.weathermonitoring.station.WeatherStationApp - Station 2 sent s_no=349 battery=low humidity=33
[main] INFO com.weathermonitoring.station.WeatherStationApp - Station 2 sent s_no=350 battery=high humidity=38
[main] WARN com.weathermonitoring.station.WeatherStationApp - Station 2 DROPPED message s_no=351
[main] INFO com.weathermonitoring.station.WeatherStationApp - Station 2 sent s_no=352 battery=low humidity=15
[main] INFO com.weathermonitoring.station.WeatherStationApp - Station 2 sent s_no=353 battery=low humidity=9
[main] INFO com.weathermonitoring.station.WeatherStationApp - Station 2 sent s_no=354 battery=high humidity=49
[main] INFO com.weathermonitoring.station.WeatherStationApp - Station 2 sent s_no=355 battery=high humidity=70
[main] INFO com.weathermonitoring.station.WeatherStationApp - Station 2 sent s_no=356 battery=low humidity=70
[main] INFO com.weathermonitoring.station.WeatherStationApp - Station 2 sent s_no=357 battery=medium humidity=17
[main] INFO com.weathermonitoring.station.WeatherStationApp - Station 2 sent s_no=358 battery=low humidity=40
[main] INFO com.weathermonitoring.station.WeatherStationApp - Station 2 sent s_no=359 battery=medium humidity=62
[main] INFO com.weathermonitoring.station.WeatherStationApp - Station 2 sent s_no=360 battery=medium humidity=85
[main] INFO com.weathermonitoring.station.WeatherStationApp - Station 2 sent s_no=361 battery=medium humidity=6
[main] INFO com.weathermonitoring.station.WeatherStationApp - Station 2 sent s_no=362 battery=medium humidity=39
[main] INFO com.weathermonitoring.station.WeatherStationApp - Station 2 sent s_no=363 battery=medium humidity=21
[main] INFO com.weathermonitoring.station.WeatherStationApp - Station 2 sent s_no=364 battery=low humidity=75
[main] INFO com.weathermonitoring.station.WeatherStationApp - Station 2 sent s_no=365 battery=low humidity=13
[main] INFO com.weathermonitoring.station.WeatherStationApp - Station 2 sent s_no=366 battery=low humidity=82
[main] INFO com.weathermonitoring.station.WeatherStationApp - Station 2 sent s_no=367 battery=high humidity=58
[main] INFO com.weathermonitoring.station.WeatherStationApp - Station 2 sent s_no=368 battery=high humidity=56
[main] INFO com.weathermonitoring.station.WeatherStationApp - Station 2 sent s_no=369 battery=medium humidity=86
[main] WARN com.weathermonitoring.station.WeatherStationApp - Station 2 DROPPED message s_no=370
[main] INFO com.weathermonitoring.station.WeatherStationApp - Station 2 sent s_no=371 battery=low humidity=62
[main] INFO com.weathermonitoring.station.WeatherStationApp - Station 2 sent s_no=372 battery=high humidity=5
[main] INFO com.weathermonitoring.station.WeatherStationApp - Station 2 sent s_no=373 battery=high humidity=74
[main] INFO com.weathermonitoring.station.WeatherStationApp - Station 2 sent s_no=374 battery=medium humidity=33
[main] WARN com.weathermonitoring.station.WeatherStationApp - Station 2 DROPPED message s_no=375
[main] INFO com.weathermonitoring.station.WeatherStationApp - Station 2 sent s_no=376 battery=high humidity=15
[main] INFO com.weathermonitoring.station.WeatherStationApp - Station 2 sent s_no=377 battery=low humidity=14
[main] INFO com.weathermonitoring.station.WeatherStationApp - Station 2 sent s_no=378 battery=high humidity=20
[main] INFO com.weathermonitoring.station.WeatherStationApp - Station 2 sent s_no=379 battery=high humidity=62
[main] INFO com.weathermonitoring.station.WeatherStationApp - Station 2 sent s_no=380 battery=medium humidity=73
[kafka-producer-network-thread | producer-1] INFO org.apache.kafka.clients.NetworkClient - [Producer clientId=producer-1] Node 0 disconnected.
[kafka-producer-network-thread | producer-1] INFO org.apache.kafka.clients.NetworkClient - [Producer clientId=producer-1] Node -1 disconnected.
[main] INFO com.weathermonitoring.station.WeatherStationApp - Station 2 sent s_no=381 battery=low humidity=60
[kafka-producer-network-thread | producer-1] INFO org.apache.kafka.clients.NetworkClient - [Producer clientId=producer-1] Node 0 disconnected.
[kafka-producer-network-thread | producer-1] WARN org.apache.kafka.clients.NetworkClient - [Producer clientId=producer-1] Connection to node 0 (Fouad.localdomain/127.0.1.1:9092) could not be established. Node may not be available.
                                                                                                                                                                                                                                                                                                                                                                                                                                                                                                                                                                                                                                                                                                                                                                                                                                                                                                                                                                                                                                                                                                                                                                                                                                                                                                                                                                                                                                                                                                                                                                                                                                                                                                                                                                                                                                                                                                                                                                                                                                                                                                                                                                                                                                                                                                                                                                                                                                                                                                                                                                                                                                                 